Archive member included to satisfy reference by file (symbol)

c:/verktyg/atmel/studio/7.0/toolchain/arm/arm-gnu-toolchain/bin/../lib/gcc/arm-none-eabi/6.3.1/../../../../arm-none-eabi/lib/thumb/v7-m\libc.a(lib_a-exit.o)
                              c:/verktyg/atmel/studio/7.0/toolchain/arm/arm-gnu-toolchain/bin/../lib/gcc/arm-none-eabi/6.3.1/../../../../arm-none-eabi/lib/thumb/v7-m/crt0.o (exit)
c:/verktyg/atmel/studio/7.0/toolchain/arm/arm-gnu-toolchain/bin/../lib/gcc/arm-none-eabi/6.3.1/../../../../arm-none-eabi/lib/thumb/v7-m\libc.a(lib_a-impure.o)
                              c:/verktyg/atmel/studio/7.0/toolchain/arm/arm-gnu-toolchain/bin/../lib/gcc/arm-none-eabi/6.3.1/../../../../arm-none-eabi/lib/thumb/v7-m\libc.a(lib_a-exit.o) (_global_impure_ptr)
c:/verktyg/atmel/studio/7.0/toolchain/arm/arm-gnu-toolchain/bin/../lib/gcc/arm-none-eabi/6.3.1/../../../../arm-none-eabi/lib/thumb/v7-m\libc.a(lib_a-init.o)
                              c:/verktyg/atmel/studio/7.0/toolchain/arm/arm-gnu-toolchain/bin/../lib/gcc/arm-none-eabi/6.3.1/../../../../arm-none-eabi/lib/thumb/v7-m/crt0.o (__libc_init_array)
c:/verktyg/atmel/studio/7.0/toolchain/arm/arm-gnu-toolchain/bin/../lib/gcc/arm-none-eabi/6.3.1/../../../../arm-none-eabi/lib/thumb/v7-m\libc.a(lib_a-iprintf.o)
                              src/ASF/sam/drivers/adc/adc.o (iprintf)
c:/verktyg/atmel/studio/7.0/toolchain/arm/arm-gnu-toolchain/bin/../lib/gcc/arm-none-eabi/6.3.1/../../../../arm-none-eabi/lib/thumb/v7-m\libc.a(lib_a-memcpy.o)
                              src/ASF/thirdparty/freertos/freertos-7.3.0/source/queue.o (memcpy)
c:/verktyg/atmel/studio/7.0/toolchain/arm/arm-gnu-toolchain/bin/../lib/gcc/arm-none-eabi/6.3.1/../../../../arm-none-eabi/lib/thumb/v7-m\libc.a(lib_a-memset.o)
                              c:/verktyg/atmel/studio/7.0/toolchain/arm/arm-gnu-toolchain/bin/../lib/gcc/arm-none-eabi/6.3.1/../../../../arm-none-eabi/lib/thumb/v7-m/crt0.o (memset)
c:/verktyg/atmel/studio/7.0/toolchain/arm/arm-gnu-toolchain/bin/../lib/gcc/arm-none-eabi/6.3.1/../../../../arm-none-eabi/lib/thumb/v7-m\libc.a(lib_a-puts.o)
                              src/ASF/sam/drivers/adc/adc.o (puts)
c:/verktyg/atmel/studio/7.0/toolchain/arm/arm-gnu-toolchain/bin/../lib/gcc/arm-none-eabi/6.3.1/../../../../arm-none-eabi/lib/thumb/v7-m\libc.a(lib_a-setbuf.o)
                              src/ASF/thirdparty/wireless/addons/sio2host/uart/sio2host.o (setbuf)
c:/verktyg/atmel/studio/7.0/toolchain/arm/arm-gnu-toolchain/bin/../lib/gcc/arm-none-eabi/6.3.1/../../../../arm-none-eabi/lib/thumb/v7-m\libc.a(lib_a-setvbuf.o)
                              c:/verktyg/atmel/studio/7.0/toolchain/arm/arm-gnu-toolchain/bin/../lib/gcc/arm-none-eabi/6.3.1/../../../../arm-none-eabi/lib/thumb/v7-m\libc.a(lib_a-setbuf.o) (setvbuf)
c:/verktyg/atmel/studio/7.0/toolchain/arm/arm-gnu-toolchain/bin/../lib/gcc/arm-none-eabi/6.3.1/../../../../arm-none-eabi/lib/thumb/v7-m\libc.a(lib_a-sprintf.o)
                              src/ASF/thirdparty/freertos/freertos-7.3.0/source/tasks.o (sprintf)
c:/verktyg/atmel/studio/7.0/toolchain/arm/arm-gnu-toolchain/bin/../lib/gcc/arm-none-eabi/6.3.1/../../../../arm-none-eabi/lib/thumb/v7-m\libc.a(lib_a-strcat.o)
                              src/ASF/thirdparty/freertos/freertos-7.3.0/source/tasks.o (strcat)
c:/verktyg/atmel/studio/7.0/toolchain/arm/arm-gnu-toolchain/bin/../lib/gcc/arm-none-eabi/6.3.1/../../../../arm-none-eabi/lib/thumb/v7-m\libc.a(lib_a-strcpy.o)
                              c:/verktyg/atmel/studio/7.0/toolchain/arm/arm-gnu-toolchain/bin/../lib/gcc/arm-none-eabi/6.3.1/../../../../arm-none-eabi/lib/thumb/v7-m\libc.a(lib_a-strcat.o) (strcpy)
c:/verktyg/atmel/studio/7.0/toolchain/arm/arm-gnu-toolchain/bin/../lib/gcc/arm-none-eabi/6.3.1/../../../../arm-none-eabi/lib/thumb/v7-m\libc.a(lib_a-strlen-stub.o)
                              src/ASF/thirdparty/freertos/freertos-7.3.0/source/FreeRTOS_CLI.o (strlen)
c:/verktyg/atmel/studio/7.0/toolchain/arm/arm-gnu-toolchain/bin/../lib/gcc/arm-none-eabi/6.3.1/../../../../arm-none-eabi/lib/thumb/v7-m\libc.a(lib_a-strncmp.o)
                              src/ASF/thirdparty/freertos/freertos-7.3.0/source/FreeRTOS_CLI.o (strncmp)
c:/verktyg/atmel/studio/7.0/toolchain/arm/arm-gnu-toolchain/bin/../lib/gcc/arm-none-eabi/6.3.1/../../../../arm-none-eabi/lib/thumb/v7-m\libc.a(lib_a-strncpy.o)
                              src/ASF/thirdparty/freertos/freertos-7.3.0/source/FreeRTOS_CLI.o (strncpy)
c:/verktyg/atmel/studio/7.0/toolchain/arm/arm-gnu-toolchain/bin/../lib/gcc/arm-none-eabi/6.3.1/../../../../arm-none-eabi/lib/thumb/v7-m\libc.a(lib_a-svfprintf.o)
                              c:/verktyg/atmel/studio/7.0/toolchain/arm/arm-gnu-toolchain/bin/../lib/gcc/arm-none-eabi/6.3.1/../../../../arm-none-eabi/lib/thumb/v7-m\libc.a(lib_a-sprintf.o) (_svfprintf_r)
[...]
Memory Configuration

Name             Origin             Length             Attributes
rom              0x00080000         0x00080000         xr
sram0            0x20000000         0x00010000         xrw
sram1            0x20080000         0x00008000         xrw
ram              0x20070000         0x00018000         xrw
*default*        0x00000000         0xffffffff

Linker script and memory map

LOAD c:/verktyg/atmel/studio/7.0/toolchain/arm/arm-gnu-toolchain/bin/../lib/gcc/arm-none-eabi/6.3.1/thumb/v7-m/crti.o
LOAD c:/verktyg/atmel/studio/7.0/toolchain/arm/arm-gnu-toolchain/bin/../lib/gcc/arm-none-eabi/6.3.1/thumb/v7-m/crtbegin.o
LOAD c:/verktyg/atmel/studio/7.0/toolchain/arm/arm-gnu-toolchain/bin/../lib/gcc/arm-none-eabi/6.3.1/../../../../arm-none-eabi/lib/thumb/v7-m/crt0.o
LOAD src/ASF/common/utils/stdio/read.o
LOAD src/ASF/sam/drivers/adc/adc.o
LOAD src/ASF/sam/drivers/tc/tc.o
LOAD src/ASF/thirdparty/wireless/addons/sio2host/uart/sio2host.o
LOAD src/TimerCounter/TimerCounter.o
LOAD src/ASF/sam/drivers/adc/adc_sam3u.o
LOAD src/ASF/sam/drivers/trng/trng.o
LOAD src/ASF/sam/drivers/usart/usart.o
LOAD src/ASF/thirdparty/freertos/freertos-7.3.0/source/FreeRTOS_CLI.o
LOAD src/consoleFunctions.o
LOAD src/delayFunctions.o
LOAD src/task_control.o
LOAD src/task_player1.o
LOAD src/task_player2.o
LOAD src/ASF/thirdparty/freertos/freertos-7.3.0/source/list.o
LOAD src/ASF/thirdparty/freertos/freertos-7.3.0/source/portable/gcc/sam/port.o
LOAD src/ASF/thirdparty/freertos/freertos-7.3.0/source/portable/memmang/heap_4.o
LOAD src/ASF/thirdparty/freertos/freertos-7.3.0/source/queue.o
LOAD src/ASF/thirdparty/freertos/freertos-7.3.0/source/tasks.o
LOAD src/ASF/thirdparty/freertos/freertos-7.3.0/source/timers.o
LOAD src/ASF/common/utils/stdio/write.o
LOAD src/ASF/common/services/serial/usart_serial.o
LOAD src/ASF/sam/drivers/uart/uart.o
LOAD src/ASF/common/services/clock/sam3x/sysclk.o
LOAD src/ASF/common/utils/interrupt/interrupt_sam_nvic.o
LOAD src/ASF/sam/boards/arduino_due_x/init.o
LOAD src/ASF/sam/drivers/pio/pio.o
LOAD src/ASF/sam/drivers/pio/pio_handler.o
LOAD src/ASF/sam/drivers/pmc/pmc.o
LOAD src/ASF/sam/drivers/pmc/sleep.o
LOAD src/ASF/sam/utils/cmsis/sam3x/source/templates/exceptions.o
LOAD src/ASF/sam/utils/cmsis/sam3x/source/templates/gcc/startup_sam3x.o
LOAD src/ASF/sam/utils/cmsis/sam3x/source/templates/system_sam3x.o
LOAD src/ASF/sam/utils/syscalls/gcc/syscalls.o
LOAD src/main.o
START GROUP
LOAD ../src/ASF/thirdparty/CMSIS/Lib/GCC\libarm_cortexM3l_math.a
LOAD c:/verktyg/atmel/studio/7.0/toolchain/arm/arm-gnu-toolchain/bin/../lib/gcc/arm-none-eabi/6.3.1/../../../../arm-none-eabi/lib/thumb/v7-m\libm.a
END GROUP
START GROUP
LOAD c:/verktyg/atmel/studio/7.0/toolchain/arm/arm-gnu-toolchain/bin/../lib/gcc/arm-none-eabi/6.3.1/thumb/v7-m\libgcc.a
LOAD c:/verktyg/atmel/studio/7.0/toolchain/arm/arm-gnu-toolchain/bin/../lib/gcc/arm-none-eabi/6.3.1/../../../../arm-none-eabi/lib/thumb/v7-m\libc.a
END GROUP
LOAD c:/verktyg/atmel/studio/7.0/toolchain/arm/arm-gnu-toolchain/bin/../lib/gcc/arm-none-eabi/6.3.1/thumb/v7-m/crtend.o
LOAD c:/verktyg/atmel/studio/7.0/toolchain/arm/arm-gnu-toolchain/bin/../lib/gcc/arm-none-eabi/6.3.1/thumb/v7-m/crtn.o
                0x00002000                __stack_size__ = DEFINED (__stack_size__)?__stack_size__:0x2000
                0x20087ffc                __ram_end__ = ((ORIGIN (ram) + LENGTH (ram)) - 0x4)

.text           0x00080000     0x5b7c
                0x00080000                . = ALIGN (0x4)
                0x00080000                _sfixed = .
 *(.vectors .vectors.*)
 .vectors       0x00080000       0xf4 src/ASF/sam/utils/cmsis/sam3x/source/templates/gcc/startup_sam3x.o
                0x00080000                exception_table
 *(.text .text.* .gnu.linkonce.t.*)
 .text          0x000800f4       0x6c c:/verktyg/atmel/studio/7.0/toolchain/arm/arm-gnu-toolchain/bin/../lib/gcc/arm-none-eabi/6.3.1/thumb/v7-m/crtbegin.o
 .text._read    0x00080160       0x3c src/ASF/common/utils/stdio/read.o
                0x00080160                _read
 .text.tc_init  0x0008019c       0x18 src/ASF/sam/drivers/tc/tc.o
                0x0008019c                tc_init
 .text.tc_set_block_mode
                0x000801b4        0x6 src/ASF/sam/drivers/tc/tc.o
                0x000801b4                tc_set_block_mode
 .text.tc_start
                0x000801ba        0x8 src/ASF/sam/drivers/tc/tc.o
                0x000801ba                tc_start
 .text.tc_stop  0x000801c2        0x8 src/ASF/sam/drivers/tc/tc.o
                0x000801c2                tc_stop
 .text.tc_read_cv
                0x000801ca        0x8 src/ASF/sam/drivers/tc/tc.o
                0x000801ca                tc_read_cv
 .text.tc_write_rc
                0x000801d2        0x8 src/ASF/sam/drivers/tc/tc.o
                0x000801d2                tc_write_rc
 .text.tc_enable_interrupt
                0x000801da        0x8 src/ASF/sam/drivers/tc/tc.o
                0x000801da                tc_enable_interrupt
 .text.tc_get_status
                0x000801e2        0x8 src/ASF/sam/drivers/tc/tc.o
                0x000801e2                tc_get_status
 .text.tc_find_mck_divisor
                0x000801ea       0x70 src/ASF/sam/drivers/tc/tc.o
                0x000801ea                tc_find_mck_divisor
 *fill*         0x0008025a        0x2 
 .text.USART0_Handler
                0x0008025c       0x60 src/ASF/thirdparty/wireless/addons/sio2host/uart/sio2host.o
                0x0008025c                USART0_Handler
 .text.init_timer
                0x000802bc       0x88 src/TimerCounter/TimerCounter.o
                0x000802bc                init_timer
 .text.TC3_Handler
                0x00080344       0x5c src/TimerCounter/TimerCounter.o
                0x00080344                TC3_Handler
 .text.trng_enable
                0x000803a0        0xc src/ASF/sam/drivers/trng/trng.o
                0x000803a0                trng_enable
 .text.usart_write
                0x000803ac       0x14 src/ASF/sam/drivers/usart/usart.o
                0x000803ac                usart_write
 .text.usart_read
                0x000803c0       0x18 src/ASF/sam/drivers/usart/usart.o
                0x000803c0                usart_read
 .text.usart_serial_getchar
                0x000803d8       0xac src/consoleFunctions.o
 .text.usart_serial_putchar
                0x00080484       0x9c src/consoleFunctions.o
 .text.configureConsole
                0x00080520       0x94 src/consoleFunctions.o
                0x00080520                configureConsole
 .text.delayInit
                0x000805b4       0x3c src/delayFunctions.o
                0x000805b4                delayInit
 .text.delayMicroseconds
                0x000805f0       0x3c src/delayFunctions.o
                0x000805f0                delayMicroseconds
 .text.task_control
                0x0008062c       0xc8 src/task_control.o
                0x0008062c                task_control
 .text.task_player1
                0x000806f4       0x78 src/task_player1.o
                0x000806f4                task_player1
 .text.task_player2
                0x0008076c       0x78 src/task_player2.o
                0x0008076c                task_player2
 .text.vListInitialise
                0x000807e4       0x16 src/ASF/thirdparty/freertos/freertos-7.3.0/source/list.o
                0x000807e4                vListInitialise
 .text.vListInitialiseItem
                0x000807fa        0x6 src/ASF/thirdparty/freertos/freertos-7.3.0/source/list.o
                0x000807fa                vListInitialiseItem
 .text.vListInsertEnd
                0x00080800       0x1c src/ASF/thirdparty/freertos/freertos-7.3.0/source/list.o
                0x00080800                vListInsertEnd
 .text.vListInsert
                0x0008081c       0x3a src/ASF/thirdparty/freertos/freertos-7.3.0/source/list.o
                0x0008081c                vListInsert
 .text.uxListRemove
                0x00080856       0x26 src/ASF/thirdparty/freertos/freertos-7.3.0/source/list.o
                0x00080856                uxListRemove
 .text.prvPortStartFirstTask
                0x0008087c       0x14 src/ASF/thirdparty/freertos/freertos-7.3.0/source/portable/gcc/sam/port.o
 .text.pxPortInitialiseStack
                0x00080890       0x1a src/ASF/thirdparty/freertos/freertos-7.3.0/source/portable/gcc/sam/port.o
                0x00080890                pxPortInitialiseStack
 *fill*         0x000808aa        0x2 
 .text.SVC_Handler
                0x000808ac       0x20 src/ASF/thirdparty/freertos/freertos-7.3.0/source/portable/gcc/sam/port.o
                0x000808ac                SVC_Handler
 .text.vPortYieldFromISR
                0x000808cc       0x10 src/ASF/thirdparty/freertos/freertos-7.3.0/source/portable/gcc/sam/port.o
                0x000808cc                vPortYieldFromISR
 .text.ulPortSetInterruptMask
                0x000808dc       0x10 src/ASF/thirdparty/freertos/freertos-7.3.0/source/portable/gcc/sam/port.o
                0x000808dc                ulPortSetInterruptMask
 .text.vPortEnterCritical
                0x000808ec       0x18 src/ASF/thirdparty/freertos/freertos-7.3.0/source/portable/gcc/sam/port.o
                0x000808ec                vPortEnterCritical
 .text.vPortClearInterruptMask
                0x00080904        0x6 src/ASF/thirdparty/freertos/freertos-7.3.0/source/portable/gcc/sam/port.o
                0x00080904                vPortClearInterruptMask
 *fill*         0x0008090a        0x2 
 .text.vPortExitCritical
                0x0008090c       0x20 src/ASF/thirdparty/freertos/freertos-7.3.0/source/portable/gcc/sam/port.o
                0x0008090c                vPortExitCritical
 .text.PendSV_Handler
                0x0008092c       0x3c src/ASF/thirdparty/freertos/freertos-7.3.0/source/portable/gcc/sam/port.o
                0x0008092c                PendSV_Handler
 .text.SysTick_Handler
                0x00080968       0x2c src/ASF/thirdparty/freertos/freertos-7.3.0/source/portable/gcc/sam/port.o
                0x00080968                SysTick_Handler
 .text.vPortSetupTimerInterrupt
                0x00080994       0x18 src/ASF/thirdparty/freertos/freertos-7.3.0/source/portable/gcc/sam/port.o
                0x00080994                vPortSetupTimerInterrupt
 .text.xPortStartScheduler
                0x000809ac       0x38 src/ASF/thirdparty/freertos/freertos-7.3.0/source/portable/gcc/sam/port.o
                0x000809ac                xPortStartScheduler
 .text.prvInsertBlockIntoFreeList
                0x000809e4       0x58 src/ASF/thirdparty/freertos/freertos-7.3.0/source/portable/memmang/heap_4.o
 .text.pvPortMalloc
                0x00080a3c       0xcc src/ASF/thirdparty/freertos/freertos-7.3.0/source/portable/memmang/heap_4.o
                0x00080a3c                pvPortMalloc
 .text.vPortFree
                0x00080b08       0x38 src/ASF/thirdparty/freertos/freertos-7.3.0/source/portable/memmang/heap_4.o
                0x00080b08                vPortFree
 .text.prvCopyDataToQueue
                0x00080b40       0x68 src/ASF/thirdparty/freertos/freertos-7.3.0/source/queue.o
 .text.prvCopyDataFromQueue
                0x00080ba8       0x28 src/ASF/thirdparty/freertos/freertos-7.3.0/source/queue.o
 .text.prvUnlockQueue
                0x00080bd0       0x94 src/ASF/thirdparty/freertos/freertos-7.3.0/source/queue.o
 .text.xQueueGenericReset
                0x00080c64       0x80 src/ASF/thirdparty/freertos/freertos-7.3.0/source/queue.o
                0x00080c64                xQueueGenericReset
 .text.xQueueGenericCreate
                0x00080ce4       0x54 src/ASF/thirdparty/freertos/freertos-7.3.0/source/queue.o
                0x00080ce4                xQueueGenericCreate
 .text.xQueueGenericSend
                0x00080d38      0x128 src/ASF/thirdparty/freertos/freertos-7.3.0/source/queue.o
                0x00080d38                xQueueGenericSend
 .text.xQueueGenericSendFromISR
                0x00080e60       0x90 src/ASF/thirdparty/freertos/freertos-7.3.0/source/queue.o
                0x00080e60                xQueueGenericSendFromISR
 .text.xQueueGenericReceive
                0x00080ef0      0x168 src/ASF/thirdparty/freertos/freertos-7.3.0/source/queue.o
                0x00080ef0                xQueueGenericReceive
 .text.vQueueWaitForMessageRestricted
                0x00081058       0x50 src/ASF/thirdparty/freertos/freertos-7.3.0/source/queue.o
                0x00081058                vQueueWaitForMessageRestricted
 .text.prvAddCurrentTaskToDelayedList
                0x000810a8       0x58 src/ASF/thirdparty/freertos/freertos-7.3.0/source/tasks.o
 .text.xTaskGenericCreate
                0x00081100      0x204 src/ASF/thirdparty/freertos/freertos-7.3.0/source/tasks.o
                0x00081100                xTaskGenericCreate
 .text.xTaskIsTaskSuspended
                0x00081304       0x38 src/ASF/thirdparty/freertos/freertos-7.3.0/source/tasks.o
                0x00081304                xTaskIsTaskSuspended
 .text.vTaskResume
                0x0008133c       0x8c src/ASF/thirdparty/freertos/freertos-7.3.0/source/tasks.o
                0x0008133c                vTaskResume
 .text.vTaskStartScheduler
                0x000813c8       0x68 src/ASF/thirdparty/freertos/freertos-7.3.0/source/tasks.o
                0x000813c8                vTaskStartScheduler
 .text.vTaskSuspendAll
                0x00081430       0x10 src/ASF/thirdparty/freertos/freertos-7.3.0/source/tasks.o
                0x00081430                vTaskSuspendAll
 .text.xTaskGetTickCount
                0x00081440       0x20 src/ASF/thirdparty/freertos/freertos-7.3.0/source/tasks.o
                0x00081440                xTaskGetTickCount
 .text.vTaskIncrementTick
                0x00081460      0x128 src/ASF/thirdparty/freertos/freertos-7.3.0/source/tasks.o
                0x00081460                vTaskIncrementTick
 .text.xTaskResumeAll
                0x00081588      0x100 src/ASF/thirdparty/freertos/freertos-7.3.0/source/tasks.o
                0x00081588                xTaskResumeAll
 .text.vTaskDelayUntil
                0x00081688       0x8c src/ASF/thirdparty/freertos/freertos-7.3.0/source/tasks.o
                0x00081688                vTaskDelayUntil
 .text.vTaskDelay
                0x00081714       0x4c src/ASF/thirdparty/freertos/freertos-7.3.0/source/tasks.o
                0x00081714                vTaskDelay
 .text.prvIdleTask
                0x00081760       0x88 src/ASF/thirdparty/freertos/freertos-7.3.0/source/tasks.o
 .text.vTaskSwitchContext
                0x000817e8       0xa0 src/ASF/thirdparty/freertos/freertos-7.3.0/source/tasks.o
                0x000817e8                vTaskSwitchContext
 .text.vTaskSuspend
                0x00081888       0xc4 src/ASF/thirdparty/freertos/freertos-7.3.0/source/tasks.o
                0x00081888                vTaskSuspend
 .text.vTaskPlaceOnEventList
                0x0008194c       0x60 src/ASF/thirdparty/freertos/freertos-7.3.0/source/tasks.o
                0x0008194c                vTaskPlaceOnEventList
 .text.vTaskPlaceOnEventListRestricted
                0x000819ac       0x44 src/ASF/thirdparty/freertos/freertos-7.3.0/source/tasks.o
                0x000819ac                vTaskPlaceOnEventListRestricted
 .text.xTaskRemoveFromEventList
                0x000819f0       0x84 src/ASF/thirdparty/freertos/freertos-7.3.0/source/tasks.o
                0x000819f0                xTaskRemoveFromEventList
 .text.vTaskSetTimeOutState
                0x00081a74       0x28 src/ASF/thirdparty/freertos/freertos-7.3.0/source/tasks.o
                0x00081a74                vTaskSetTimeOutState
 .text.xTaskCheckForTimeOut
                0x00081a9c       0x84 src/ASF/thirdparty/freertos/freertos-7.3.0/source/tasks.o
                0x00081a9c                xTaskCheckForTimeOut
 .text.vTaskMissedYield
                0x00081b20        0xc src/ASF/thirdparty/freertos/freertos-7.3.0/source/tasks.o
                0x00081b20                vTaskMissedYield
 .text.xTaskGetCurrentTaskHandle
                0x00081b2c        0xc src/ASF/thirdparty/freertos/freertos-7.3.0/source/tasks.o
                0x00081b2c                xTaskGetCurrentTaskHandle
 .text.xTaskGetSchedulerState
                0x00081b38       0x20 src/ASF/thirdparty/freertos/freertos-7.3.0/source/tasks.o
                0x00081b38                xTaskGetSchedulerState
 .text.vTaskPriorityInherit
                0x00081b58       0x80 src/ASF/thirdparty/freertos/freertos-7.3.0/source/tasks.o
                0x00081b58                vTaskPriorityInherit
 .text.vTaskPriorityDisinherit
                0x00081bd8       0x50 src/ASF/thirdparty/freertos/freertos-7.3.0/source/tasks.o
                0x00081bd8                vTaskPriorityDisinherit
 .text.prvInsertTimerInActiveList
                0x00081c28       0x4c src/ASF/thirdparty/freertos/freertos-7.3.0/source/timers.o
 .text.prvCheckForValidListAndQueue
                0x00081c74       0x5c src/ASF/thirdparty/freertos/freertos-7.3.0/source/timers.o
 .text.xTimerCreateTimerTask
                0x00081cd0       0x4c src/ASF/thirdparty/freertos/freertos-7.3.0/source/timers.o
                0x00081cd0                xTimerCreateTimerTask
 .text.xTimerGenericCommand
                0x00081d1c       0x54 src/ASF/thirdparty/freertos/freertos-7.3.0/source/timers.o
                0x00081d1c                xTimerGenericCommand
 .text.prvSampleTimeNow
                0x00081d70       0xb0 src/ASF/thirdparty/freertos/freertos-7.3.0/source/timers.o
 .text.prvTimerTask
                0x00081e20      0x174 src/ASF/thirdparty/freertos/freertos-7.3.0/source/timers.o
 .text._write   0x00081f94       0x50 src/ASF/common/utils/stdio/write.o
                0x00081f94                _write
 .text.usart_serial_read_packet
                0x00081fe4       0xc8 src/ASF/common/services/serial/usart_serial.o
                0x00081fe4                usart_serial_read_packet
 .text.uart_init
                0x000820ac       0x36 src/ASF/sam/drivers/uart/uart.o
                0x000820ac                uart_init
 .text.uart_write
                0x000820e2       0x10 src/ASF/sam/drivers/uart/uart.o
                0x000820e2                uart_write
 .text.uart_read
                0x000820f2       0x12 src/ASF/sam/drivers/uart/uart.o
                0x000820f2                uart_read
 .text.sysclk_init
                0x00082104       0x64 src/ASF/common/services/clock/sam3x/sysclk.o
                0x00082104                sysclk_init
 .text.board_init
                0x00082168       0x80 src/ASF/sam/boards/arduino_due_x/init.o
                0x00082168                board_init
 .text.pio_set_peripheral
                0x000821e8       0x3e src/ASF/sam/drivers/pio/pio.o
                0x000821e8                pio_set_peripheral
 .text.pio_set_input
                0x00082226       0x32 src/ASF/sam/drivers/pio/pio.o
                0x00082226                pio_set_input
 .text.pio_set_output
                0x00082258       0x26 src/ASF/sam/drivers/pio/pio.o
                0x00082258                pio_set_output
 .text.pio_get_interrupt_status
                0x0008227e        0x4 src/ASF/sam/drivers/pio/pio.o
                0x0008227e                pio_get_interrupt_status
 .text.pio_get_interrupt_mask
                0x00082282        0x4 src/ASF/sam/drivers/pio/pio.o
                0x00082282                pio_get_interrupt_mask
 *fill*         0x00082286        0x2 
 .text.pio_configure_pin
                0x00082288       0xd0 src/ASF/sam/drivers/pio/pio.o
                0x00082288                pio_configure_pin
 .text.pio_configure_pin_group
                0x00082358       0x9c src/ASF/sam/drivers/pio/pio.o
                0x00082358                pio_configure_pin_group
 .text.pio_handler_process
                0x000823f4       0x50 src/ASF/sam/drivers/pio/pio_handler.o
                0x000823f4                pio_handler_process
 .text.PIOA_Handler
                0x00082444       0x14 src/ASF/sam/drivers/pio/pio_handler.o
                0x00082444                PIOA_Handler
 .text.PIOB_Handler
                0x00082458       0x14 src/ASF/sam/drivers/pio/pio_handler.o
                0x00082458                PIOB_Handler
 .text.PIOC_Handler
                0x0008246c       0x14 src/ASF/sam/drivers/pio/pio_handler.o
                0x0008246c                PIOC_Handler
 .text.PIOD_Handler
                0x00082480       0x14 src/ASF/sam/drivers/pio/pio_handler.o
                0x00082480                PIOD_Handler
 .text.pmc_switch_mck_to_pllack
                0x00082494       0x64 src/ASF/sam/drivers/pmc/pmc.o
                0x00082494                pmc_switch_mck_to_pllack
 .text.pmc_switch_mainck_to_xtal
                0x000824f8       0x54 src/ASF/sam/drivers/pmc/pmc.o
                0x000824f8                pmc_switch_mainck_to_xtal
 .text.pmc_osc_is_ready_mainck
                0x0008254c       0x10 src/ASF/sam/drivers/pmc/pmc.o
                0x0008254c                pmc_osc_is_ready_mainck
 .text.pmc_disable_pllack
                0x0008255c       0x10 src/ASF/sam/drivers/pmc/pmc.o
                0x0008255c                pmc_disable_pllack
 .text.pmc_is_locked_pllack
                0x0008256c       0x10 src/ASF/sam/drivers/pmc/pmc.o
                0x0008256c                pmc_is_locked_pllack
 .text.pmc_enable_periph_clk
                0x0008257c       0x54 src/ASF/sam/drivers/pmc/pmc.o
                0x0008257c                pmc_enable_periph_clk
 .text.Dummy_Handler
                0x000825d0        0x2 src/ASF/sam/utils/cmsis/sam3x/source/templates/exceptions.o
                0x000825d0                DACC_Handler
                0x000825d0                DebugMon_Handler
                0x000825d0                DMAC_Handler
                0x000825d0                TRNG_Handler
                0x000825d0                HardFault_Handler
                0x000825d0                TC2_Handler
                0x000825d0                USART3_Handler
                0x000825d0                TWI1_Handler
                0x000825d0                NMI_Handler
                0x000825d0                TC7_Handler
                0x000825d0                ADC_Handler
                0x000825d0                SMC_Handler
                0x000825d0                RTT_Handler
                0x000825d0                EFC1_Handler
                0x000825d0                RTC_Handler
                0x000825d0                UsageFault_Handler
                0x000825d0                TC6_Handler
                0x000825d0                WDT_Handler
                0x000825d0                CAN0_Handler
                0x000825d0                TC4_Handler
                0x000825d0                TC1_Handler
                0x000825d0                HSMCI_Handler
                0x000825d0                Dummy_Handler
                0x000825d0                TWI0_Handler
                0x000825d0                USART1_Handler
                0x000825d0                SSC_Handler
                0x000825d0                EFC0_Handler
                0x000825d0                PMC_Handler
                0x000825d0                PWM_Handler
                0x000825d0                CAN1_Handler
                0x000825d0                MemManage_Handler
                0x000825d0                SUPC_Handler
                0x000825d0                TC8_Handler
                0x000825d0                USART2_Handler
                0x000825d0                EMAC_Handler
                0x000825d0                UART_Handler
                0x000825d0                BusFault_Handler
                0x000825d0                RSTC_Handler
                0x000825d0                TC0_Handler
                0x000825d0                TC5_Handler
                0x000825d0                UOTGHS_Handler
                0x000825d0                SPI0_Handler
 *fill*         0x000825d2        0x2 
 .text.Reset_Handler
                0x000825d4       0x98 src/ASF/sam/utils/cmsis/sam3x/source/templates/gcc/startup_sam3x.o
                0x000825d4                Reset_Handler
 .text.SystemCoreClockUpdate
                0x0008266c      0x118 src/ASF/sam/utils/cmsis/sam3x/source/templates/system_sam3x.o
                0x0008266c                SystemCoreClockUpdate
 .text._sbrk    0x00082784       0x38 src/ASF/sam/utils/syscalls/gcc/syscalls.o
                0x00082784                _sbrk
 .text._close   0x000827bc        0x6 src/ASF/sam/utils/syscalls/gcc/syscalls.o
                0x000827bc                _close
 .text._fstat   0x000827c2        0xa src/ASF/sam/utils/syscalls/gcc/syscalls.o
                0x000827c2                _fstat
 .text._isatty  0x000827cc        0x4 src/ASF/sam/utils/syscalls/gcc/syscalls.o
                0x000827cc                _isatty
 .text._lseek   0x000827d0        0x4 src/ASF/sam/utils/syscalls/gcc/syscalls.o
                0x000827d0                _lseek
 .text.main     0x000827d4      0x1c4 src/main.o
                0x000827d4                main
 .text.__libc_init_array
                0x00082998       0x50 c:/verktyg/atmel/studio/7.0/toolchain/arm/arm-gnu-toolchain/bin/../lib/gcc/arm-none-eabi/6.3.1/../../../../arm-none-eabi/lib/thumb/v7-m\libc.a(lib_a-init.o)
                0x00082998                __libc_init_array
 .text.iprintf  0x000829e8       0x28 c:/verktyg/atmel/studio/7.0/toolchain/arm/arm-gnu-toolchain/bin/../lib/gcc/arm-none-eabi/6.3.1/../../../../arm-none-eabi/lib/thumb/v7-m\libc.a(lib_a-iprintf.o)
                0x000829e8                iprintf
 .text          0x00082a10       0xec c:/verktyg/atmel/studio/7.0/toolchain/arm/arm-gnu-toolchain/bin/../lib/gcc/arm-none-eabi/6.3.1/../../../../arm-none-eabi/lib/thumb/v7-m\libc.a(lib_a-memcpy.o)
                0x00082a10                memcpy
 .text.memset   0x00082afc       0x9c c:/verktyg/atmel/studio/7.0/toolchain/arm/arm-gnu-toolchain/bin/../lib/gcc/arm-none-eabi/6.3.1/../../../../arm-none-eabi/lib/thumb/v7-m\libc.a(lib_a-memset.o)
                0x00082afc                memset
 .text.setbuf   0x00082b98       0x10 c:/verktyg/atmel/studio/7.0/toolchain/arm/arm-gnu-toolchain/bin/../lib/gcc/arm-none-eabi/6.3.1/../../../../arm-none-eabi/lib/thumb/v7-m\libc.a(lib_a-setbuf.o)
                0x00082b98                setbuf
 .text.setvbuf  0x00082ba8      0x190 c:/verktyg/atmel/studio/7.0/toolchain/arm/arm-gnu-toolchain/bin/../lib/gcc/arm-none-eabi/6.3.1/../../../../arm-none-eabi/lib/thumb/v7-m\libc.a(lib_a-setvbuf.o)
                0x00082ba8                setvbuf
 .text.strlen   0x00082d38       0x5c c:/verktyg/atmel/studio/7.0/toolchain/arm/arm-gnu-toolchain/bin/../lib/gcc/arm-none-eabi/6.3.1/../../../../arm-none-eabi/lib/thumb/v7-m\libc.a(lib_a-strlen-stub.o)
                0x00082d38                strlen
 .text.strncpy  0x00082d94       0x64 c:/verktyg/atmel/studio/7.0/toolchain/arm/arm-gnu-toolchain/bin/../lib/gcc/arm-none-eabi/6.3.1/../../../../arm-none-eabi/lib/thumb/v7-m\libc.a(lib_a-strncpy.o)
                0x00082d94                strncpy
 .text.__sprint_r.part.0
                0x00082df8       0x80 c:/verktyg/atmel/studio/7.0/toolchain/arm/arm-gnu-toolchain/bin/../lib/gcc/arm-none-eabi/6.3.1/../../../../arm-none-eabi/lib/thumb/v7-m\libc.a(lib_a-vfiprintf.o)
 .text._vfiprintf_r
                0x00082e78      0xc88 c:/verktyg/atmel/studio/7.0/toolchain/arm/arm-gnu-toolchain/bin/../lib/gcc/arm-none-eabi/6.3.1/../../../../arm-none-eabi/lib/thumb/v7-m\libc.a(lib_a-vfiprintf.o)
                0x00082e78                _vfiprintf_r
 .text.__sbprintf
                0x00083b00       0x88 c:/verktyg/atmel/studio/7.0/toolchain/arm/arm-gnu-toolchain/bin/../lib/gcc/arm-none-eabi/6.3.1/../../../../arm-none-eabi/lib/thumb/v7-m\libc.a(lib_a-vfiprintf.o)
 .text.__swsetup_r
                0x00083b88       0xc8 c:/verktyg/atmel/studio/7.0/toolchain/arm/arm-gnu-toolchain/bin/../lib/gcc/arm-none-eabi/6.3.1/../../../../arm-none-eabi/lib/thumb/v7-m\libc.a(lib_a-wsetup.o)
                0x00083b88                __swsetup_r
 .text.startup.register_fini
                0x00083c50       0x14 c:/verktyg/atmel/studio/7.0/toolchain/arm/arm-gnu-toolchain/bin/../lib/gcc/arm-none-eabi/6.3.1/../../../../arm-none-eabi/lib/thumb/v7-m\libc.a(lib_a-__call_atexit.o)
 .text.atexit   0x00083c64        0xc c:/verktyg/atmel/studio/7.0/toolchain/arm/arm-gnu-toolchain/bin/../lib/gcc/arm-none-eabi/6.3.1/../../../../arm-none-eabi/lib/thumb/v7-m\libc.a(lib_a-atexit.o)
                0x00083c64                atexit
 .text.__sflush_r
                0x00083c70      0x138 c:/verktyg/atmel/studio/7.0/toolchain/arm/arm-gnu-toolchain/bin/../lib/gcc/arm-none-eabi/6.3.1/../../../../arm-none-eabi/lib/thumb/v7-m\libc.a(lib_a-fflush.o)
                0x00083c70                __sflush_r
 .text._fflush_r
                0x00083da8       0x54 c:/verktyg/atmel/studio/7.0/toolchain/arm/arm-gnu-toolchain/bin/../lib/gcc/arm-none-eabi/6.3.1/../../../../arm-none-eabi/lib/thumb/v7-m\libc.a(lib_a-fflush.o)
                0x00083da8                _fflush_r
 .text._cleanup_r
                0x00083dfc        0xc c:/verktyg/atmel/studio/7.0/toolchain/arm/arm-gnu-toolchain/bin/../lib/gcc/arm-none-eabi/6.3.1/../../../../arm-none-eabi/lib/thumb/v7-m\libc.a(lib_a-findfp.o)
                0x00083dfc                _cleanup_r
 .text.std.isra.0
                0x00083e08       0x50 c:/verktyg/atmel/studio/7.0/toolchain/arm/arm-gnu-toolchain/bin/../lib/gcc/arm-none-eabi/6.3.1/../../../../arm-none-eabi/lib/thumb/v7-m\libc.a(lib_a-findfp.o)
 .text.__sinit  0x00083e58       0x60 c:/verktyg/atmel/studio/7.0/toolchain/arm/arm-gnu-toolchain/bin/../lib/gcc/arm-none-eabi/6.3.1/../../../../arm-none-eabi/lib/thumb/v7-m\libc.a(lib_a-findfp.o)
                0x00083e58                __sinit
 .text.__sfp_lock_acquire
                0x00083eb8        0xc c:/verktyg/atmel/studio/7.0/toolchain/arm/arm-gnu-toolchain/bin/../lib/gcc/arm-none-eabi/6.3.1/../../../../arm-none-eabi/lib/thumb/v7-m\libc.a(lib_a-findfp.o)
                0x00083eb8                __sfp_lock_acquire
 .text.__sfp_lock_release
                0x00083ec4        0xc c:/verktyg/atmel/studio/7.0/toolchain/arm/arm-gnu-toolchain/bin/../lib/gcc/arm-none-eabi/6.3.1/../../../../arm-none-eabi/lib/thumb/v7-m\libc.a(lib_a-findfp.o)
                0x00083ec4                __sfp_lock_release
 .text.__libc_fini_array
                0x00083ed0       0x34 c:/verktyg/atmel/studio/7.0/toolchain/arm/arm-gnu-toolchain/bin/../lib/gcc/arm-none-eabi/6.3.1/../../../../arm-none-eabi/lib/thumb/v7-m\libc.a(lib_a-fini.o)
                0x00083ed0                __libc_fini_array
 .text.__fputwc
                0x00083f04       0x98 c:/verktyg/atmel/studio/7.0/toolchain/arm/arm-gnu-toolchain/bin/../lib/gcc/arm-none-eabi/6.3.1/../../../../arm-none-eabi/lib/thumb/v7-m\libc.a(lib_a-fputwc.o)
                0x00083f04                __fputwc
 .text._fputwc_r
                0x00083f9c       0x68 c:/verktyg/atmel/studio/7.0/toolchain/arm/arm-gnu-toolchain/bin/../lib/gcc/arm-none-eabi/6.3.1/../../../../arm-none-eabi/lib/thumb/v7-m\libc.a(lib_a-fputwc.o)
                0x00083f9c                _fputwc_r
 .text._malloc_trim_r
                0x00084004       0xa0 c:/verktyg/atmel/studio/7.0/toolchain/arm/arm-gnu-toolchain/bin/../lib/gcc/arm-none-eabi/6.3.1/../../../../arm-none-eabi/lib/thumb/v7-m\libc.a(lib_a-freer.o)
                0x00084004                _malloc_trim_r
 .text._free_r  0x000840a4      0x1cc c:/verktyg/atmel/studio/7.0/toolchain/arm/arm-gnu-toolchain/bin/../lib/gcc/arm-none-eabi/6.3.1/../../../../arm-none-eabi/lib/thumb/v7-m\libc.a(lib_a-freer.o)
                0x000840a4                _free_r
 .text.__sfvwrite_r
                0x00084270      0x2f4 c:/verktyg/atmel/studio/7.0/toolchain/arm/arm-gnu-toolchain/bin/../lib/gcc/arm-none-eabi/6.3.1/../../../../arm-none-eabi/lib/thumb/v7-m\libc.a(lib_a-fvwrite.o)
                0x00084270                __sfvwrite_r
 .text._fwalk_reent
                0x00084564       0x50 c:/verktyg/atmel/studio/7.0/toolchain/arm/arm-gnu-toolchain/bin/../lib/gcc/arm-none-eabi/6.3.1/../../../../arm-none-eabi/lib/thumb/v7-m\libc.a(lib_a-fwalk.o)
                0x00084564                _fwalk_reent
 .text.__locale_mb_cur_max
                0x000845b4       0x1c c:/verktyg/atmel/studio/7.0/toolchain/arm/arm-gnu-toolchain/bin/../lib/gcc/arm-none-eabi/6.3.1/../../../../arm-none-eabi/lib/thumb/v7-m\libc.a(lib_a-locale.o)
                0x000845b4                __locale_mb_cur_max
 .text.__retarget_lock_init_recursive
                0x000845d0        0x4 c:/verktyg/atmel/studio/7.0/toolchain/arm/arm-gnu-toolchain/bin/../lib/gcc/arm-none-eabi/6.3.1/../../../../arm-none-eabi/lib/thumb/v7-m\libc.a(lib_a-lock.o)
                0x000845d0                __retarget_lock_init_recursive
 .text.__retarget_lock_close_recursive
                0x000845d4        0x4 c:/verktyg/atmel/studio/7.0/toolchain/arm/arm-gnu-toolchain/bin/../lib/gcc/arm-none-eabi/6.3.1/../../../../arm-none-eabi/lib/thumb/v7-m\libc.a(lib_a-lock.o)
                0x000845d4                __retarget_lock_close_recursive
 .text.__retarget_lock_acquire_recursive
                0x000845d8        0x4 c:/verktyg/atmel/studio/7.0/toolchain/arm/arm-gnu-toolchain/bin/../lib/gcc/arm-none-eabi/6.3.1/../../../../arm-none-eabi/lib/thumb/v7-m\libc.a(lib_a-lock.o)
                0x000845d8                __retarget_lock_acquire_recursive
 .text.__retarget_lock_release_recursive
                0x000845dc        0x4 c:/verktyg/atmel/studio/7.0/toolchain/arm/arm-gnu-toolchain/bin/../lib/gcc/arm-none-eabi/6.3.1/../../../../arm-none-eabi/lib/thumb/v7-m\libc.a(lib_a-lock.o)
                0x000845dc                __retarget_lock_release_recursive
 .text.__swhatbuf_r
                0x000845e0       0x5c c:/verktyg/atmel/studio/7.0/toolchain/arm/arm-gnu-toolchain/bin/../lib/gcc/arm-none-eabi/6.3.1/../../../../arm-none-eabi/lib/thumb/v7-m\libc.a(lib_a-makebuf.o)
                0x000845e0                __swhatbuf_r
 .text.__smakebuf_r
                0x0008463c       0x94 c:/verktyg/atmel/studio/7.0/toolchain/arm/arm-gnu-toolchain/bin/../lib/gcc/arm-none-eabi/6.3.1/../../../../arm-none-eabi/lib/thumb/v7-m\libc.a(lib_a-makebuf.o)
                0x0008463c                __smakebuf_r
 .text.malloc   0x000846d0       0x10 c:/verktyg/atmel/studio/7.0/toolchain/arm/arm-gnu-toolchain/bin/../lib/gcc/arm-none-eabi/6.3.1/../../../../arm-none-eabi/lib/thumb/v7-m\libc.a(lib_a-malloc.o)
                0x000846d0                malloc
 .text._malloc_r
                0x000846e0      0x544 c:/verktyg/atmel/studio/7.0/toolchain/arm/arm-gnu-toolchain/bin/../lib/gcc/arm-none-eabi/6.3.1/../../../../arm-none-eabi/lib/thumb/v7-m\libc.a(lib_a-mallocr.o)
                0x000846e0                _malloc_r
 .text.__ascii_mbtowc
                0x00084c24       0x2c c:/verktyg/atmel/studio/7.0/toolchain/arm/arm-gnu-toolchain/bin/../lib/gcc/arm-none-eabi/6.3.1/../../../../arm-none-eabi/lib/thumb/v7-m\libc.a(lib_a-mbtowc_r.o)
                0x00084c24                __ascii_mbtowc
 .text.memchr   0x00084c50       0x8c c:/verktyg/atmel/studio/7.0/toolchain/arm/arm-gnu-toolchain/bin/../lib/gcc/arm-none-eabi/6.3.1/../../../../arm-none-eabi/lib/thumb/v7-m\libc.a(lib_a-memchr-stub.o)
                0x00084c50                memchr
 .text.memmove  0x00084cdc       0xc8 c:/verktyg/atmel/studio/7.0/toolchain/arm/arm-gnu-toolchain/bin/../lib/gcc/arm-none-eabi/6.3.1/../../../../arm-none-eabi/lib/thumb/v7-m\libc.a(lib_a-memmove.o)
                0x00084cdc                memmove
 .text.__malloc_lock
                0x00084da4        0xc c:/verktyg/atmel/studio/7.0/toolchain/arm/arm-gnu-toolchain/bin/../lib/gcc/arm-none-eabi/6.3.1/../../../../arm-none-eabi/lib/thumb/v7-m\libc.a(lib_a-mlock.o)
                0x00084da4                __malloc_lock
 .text.__malloc_unlock
                0x00084db0        0xc c:/verktyg/atmel/studio/7.0/toolchain/arm/arm-gnu-toolchain/bin/../lib/gcc/arm-none-eabi/6.3.1/../../../../arm-none-eabi/lib/thumb/v7-m\libc.a(lib_a-mlock.o)
                0x00084db0                __malloc_unlock
 .text._realloc_r
                0x00084dbc      0x36c c:/verktyg/atmel/studio/7.0/toolchain/arm/arm-gnu-toolchain/bin/../lib/gcc/arm-none-eabi/6.3.1/../../../../arm-none-eabi/lib/thumb/v7-m\libc.a(lib_a-reallocr.o)
                0x00084dbc                _realloc_r
 .text._sbrk_r  0x00085128       0x24 c:/verktyg/atmel/studio/7.0/toolchain/arm/arm-gnu-toolchain/bin/../lib/gcc/arm-none-eabi/6.3.1/../../../../arm-none-eabi/lib/thumb/v7-m\libc.a(lib_a-sbrkr.o)
                0x00085128                _sbrk_r
 .text.__sread  0x0008514c       0x24 c:/verktyg/atmel/studio/7.0/toolchain/arm/arm-gnu-toolchain/bin/../lib/gcc/arm-none-eabi/6.3.1/../../../../arm-none-eabi/lib/thumb/v7-m\libc.a(lib_a-stdio.o)
                0x0008514c                __sread
 .text.__swrite
                0x00085170       0x3c c:/verktyg/atmel/studio/7.0/toolchain/arm/arm-gnu-toolchain/bin/../lib/gcc/arm-none-eabi/6.3.1/../../../../arm-none-eabi/lib/thumb/v7-m\libc.a(lib_a-stdio.o)
                0x00085170                __swrite
 .text.__sseek  0x000851ac       0x20 c:/verktyg/atmel/studio/7.0/toolchain/arm/arm-gnu-toolchain/bin/../lib/gcc/arm-none-eabi/6.3.1/../../../../arm-none-eabi/lib/thumb/v7-m\libc.a(lib_a-stdio.o)
                0x000851ac                __sseek
 .text.__sclose
                0x000851cc        0x8 c:/verktyg/atmel/studio/7.0/toolchain/arm/arm-gnu-toolchain/bin/../lib/gcc/arm-none-eabi/6.3.1/../../../../arm-none-eabi/lib/thumb/v7-m\libc.a(lib_a-stdio.o)
                0x000851cc                __sclose
 .text.__swbuf_r
                0x000851d4       0xb0 c:/verktyg/atmel/studio/7.0/toolchain/arm/arm-gnu-toolchain/bin/../lib/gcc/arm-none-eabi/6.3.1/../../../../arm-none-eabi/lib/thumb/v7-m\libc.a(lib_a-wbuf.o)
                0x000851d4                __swbuf_r
 .text._wcrtomb_r
                0x00085284       0x54 c:/verktyg/atmel/studio/7.0/toolchain/arm/arm-gnu-toolchain/bin/../lib/gcc/arm-none-eabi/6.3.1/../../../../arm-none-eabi/lib/thumb/v7-m\libc.a(lib_a-wcrtomb.o)
                0x00085284                _wcrtomb_r
 .text.__ascii_wctomb
                0x000852d8       0x18 c:/verktyg/atmel/studio/7.0/toolchain/arm/arm-gnu-toolchain/bin/../lib/gcc/arm-none-eabi/6.3.1/../../../../arm-none-eabi/lib/thumb/v7-m\libc.a(lib_a-wctomb_r.o)
                0x000852d8                __ascii_wctomb
 .text._write_r
                0x000852f0       0x2c c:/verktyg/atmel/studio/7.0/toolchain/arm/arm-gnu-toolchain/bin/../lib/gcc/arm-none-eabi/6.3.1/../../../../arm-none-eabi/lib/thumb/v7-m\libc.a(lib_a-writer.o)
                0x000852f0                _write_r
 .text.__register_exitproc
                0x0008531c       0xc4 c:/verktyg/atmel/studio/7.0/toolchain/arm/arm-gnu-toolchain/bin/../lib/gcc/arm-none-eabi/6.3.1/../../../../arm-none-eabi/lib/thumb/v7-m\libc.a(lib_a-__atexit.o)
                0x0008531c                __register_exitproc
 .text._close_r
                0x000853e0       0x24 c:/verktyg/atmel/studio/7.0/toolchain/arm/arm-gnu-toolchain/bin/../lib/gcc/arm-none-eabi/6.3.1/../../../../arm-none-eabi/lib/thumb/v7-m\libc.a(lib_a-closer.o)
                0x000853e0                _close_r
 .text._fclose_r
                0x00085404       0xc4 c:/verktyg/atmel/studio/7.0/toolchain/arm/arm-gnu-toolchain/bin/../lib/gcc/arm-none-eabi/6.3.1/../../../../arm-none-eabi/lib/thumb/v7-m\libc.a(lib_a-fclose.o)
                0x00085404                _fclose_r
 .text._fstat_r
                0x000854c8       0x28 c:/verktyg/atmel/studio/7.0/toolchain/arm/arm-gnu-toolchain/bin/../lib/gcc/arm-none-eabi/6.3.1/../../../../arm-none-eabi/lib/thumb/v7-m\libc.a(lib_a-fstatr.o)
                0x000854c8                _fstat_r
 .text._isatty_r
                0x000854f0       0x24 c:/verktyg/atmel/studio/7.0/toolchain/arm/arm-gnu-toolchain/bin/../lib/gcc/arm-none-eabi/6.3.1/../../../../arm-none-eabi/lib/thumb/v7-m\libc.a(lib_a-isattyr.o)
                0x000854f0                _isatty_r
 .text._lseek_r
                0x00085514       0x2c c:/verktyg/atmel/studio/7.0/toolchain/arm/arm-gnu-toolchain/bin/../lib/gcc/arm-none-eabi/6.3.1/../../../../arm-none-eabi/lib/thumb/v7-m\libc.a(lib_a-lseekr.o)
                0x00085514                _lseek_r
 .text._read_r  0x00085540       0x2c c:/verktyg/atmel/studio/7.0/toolchain/arm/arm-gnu-toolchain/bin/../lib/gcc/arm-none-eabi/6.3.1/../../../../arm-none-eabi/lib/thumb/v7-m\libc.a(lib_a-readr.o)
                0x00085540                _read_r
 .text          0x0008556c       0x30 c:/verktyg/atmel/studio/7.0/toolchain/arm/arm-gnu-toolchain/bin/../lib/gcc/arm-none-eabi/6.3.1/thumb/v7-m\libgcc.a(_aeabi_uldivmod.o)
                0x0008556c                __aeabi_uldivmod
 .text          0x0008559c      0x2dc c:/verktyg/atmel/studio/7.0/toolchain/arm/arm-gnu-toolchain/bin/../lib/gcc/arm-none-eabi/6.3.1/thumb/v7-m\libgcc.a(_udivmoddi4.o)
                0x0008559c                __udivmoddi4
 .text          0x00085878        0x4 c:/verktyg/atmel/studio/7.0/toolchain/arm/arm-gnu-toolchain/bin/../lib/gcc/arm-none-eabi/6.3.1/thumb/v7-m\libgcc.a(_dvmd_tls.o)
                0x00085878                __aeabi_idiv0
                0x00085878                __aeabi_ldiv0
 *(.glue_7t)
 .glue_7t       0x0008587c        0x0 linker stubs
 *(.glue_7)
 .glue_7        0x0008587c        0x0 linker stubs
 *(.rodata .rodata* .gnu.linkonce.r.*)
 .rodata.TC3_Handler.str1.4
                0x0008587c        0xc src/TimerCounter/TimerCounter.o
 .rodata.configureConsole.str1.4
                0x00085888       0x1f src/consoleFunctions.o
 *fill*         0x000858a7        0x1 
 .rodata.task_control.str1.4
                0x000858a8       0x4e src/task_control.o
                                 0x5e (size before relaxing)
 *fill*         0x000858f6        0x2 
 .rodata.task_player1.str1.4
                0x000858f8       0x1c src/task_player1.o
 .rodata.task_player2.str1.4
                0x00085914       0x1c src/task_player2.o
 .rodata.vTaskStartScheduler.str1.4
                0x00085930        0x5 src/ASF/thirdparty/freertos/freertos-7.3.0/source/tasks.o
 *fill*         0x00085935        0x3 
 .rodata.xTimerCreateTimerTask.str1.4
                0x00085938        0x8 src/ASF/thirdparty/freertos/freertos-7.3.0/source/timers.o
 .rodata.main.str1.4
                0x00085940       0xb0 src/main.o
 .rodata._global_impure_ptr
                0x000859f0        0x4 c:/verktyg/atmel/studio/7.0/toolchain/arm/arm-gnu-toolchain/bin/../lib/gcc/arm-none-eabi/6.3.1/../../../../arm-none-eabi/lib/thumb/v7-m\libc.a(lib_a-impure.o)
                0x000859f0                _global_impure_ptr
 .rodata._vfiprintf_r.str1.4
                0x000859f4       0x2f c:/verktyg/atmel/studio/7.0/toolchain/arm/arm-gnu-toolchain/bin/../lib/gcc/arm-none-eabi/6.3.1/../../../../arm-none-eabi/lib/thumb/v7-m\libc.a(lib_a-vfiprintf.o)
 *fill*         0x00085a23        0x1 
 .rodata.blanks.7217
                0x00085a24       0x10 c:/verktyg/atmel/studio/7.0/toolchain/arm/arm-gnu-toolchain/bin/../lib/gcc/arm-none-eabi/6.3.1/../../../../arm-none-eabi/lib/thumb/v7-m\libc.a(lib_a-vfiprintf.o)
 .rodata.zeroes.7218
                0x00085a34       0x10 c:/verktyg/atmel/studio/7.0/toolchain/arm/arm-gnu-toolchain/bin/../lib/gcc/arm-none-eabi/6.3.1/../../../../arm-none-eabi/lib/thumb/v7-m\libc.a(lib_a-vfiprintf.o)
 .rodata._setlocale_r.str1.4
                0x00085a44        0xa c:/verktyg/atmel/studio/7.0/toolchain/arm/arm-gnu-toolchain/bin/../lib/gcc/arm-none-eabi/6.3.1/../../../../arm-none-eabi/lib/thumb/v7-m\libc.a(lib_a-locale.o)
                                  0xd (size before relaxing)
 *fill*         0x00085a4e        0x2 
 .rodata.str1.4
                0x00085a50        0x4 c:/verktyg/atmel/studio/7.0/toolchain/arm/arm-gnu-toolchain/bin/../lib/gcc/arm-none-eabi/6.3.1/../../../../arm-none-eabi/lib/thumb/v7-m\libc.a(lib_a-locale.o)
                                  0x2 (size before relaxing)
 .rodata._ctype_
                0x00085a54      0x101 c:/verktyg/atmel/studio/7.0/toolchain/arm/arm-gnu-toolchain/bin/../lib/gcc/arm-none-eabi/6.3.1/../../../../arm-none-eabi/lib/thumb/v7-m\libc.a(lib_a-ctype_.o)
                0x00085a54                _ctype_
 *(.ARM.extab* .gnu.linkonce.armextab.*)
                0x00085b58                . = ALIGN (0x4)
 *fill*         0x00085b55        0x3 
 *(.init)
 .init          0x00085b58        0x4 c:/verktyg/atmel/studio/7.0/toolchain/arm/arm-gnu-toolchain/bin/../lib/gcc/arm-none-eabi/6.3.1/thumb/v7-m/crti.o
                0x00085b58                _init
 .init          0x00085b5c        0x8 c:/verktyg/atmel/studio/7.0/toolchain/arm/arm-gnu-toolchain/bin/../lib/gcc/arm-none-eabi/6.3.1/thumb/v7-m/crtn.o
                0x00085b64                . = ALIGN (0x4)
                0x00085b64                __preinit_array_start = .
 *(.preinit_array)
                0x00085b64                __preinit_array_end = .
                0x00085b64                . = ALIGN (0x4)
                0x00085b64                __init_array_start = .
 *(SORT(.init_array.*))
 .init_array.00000
                0x00085b64        0x4 c:/verktyg/atmel/studio/7.0/toolchain/arm/arm-gnu-toolchain/bin/../lib/gcc/arm-none-eabi/6.3.1/../../../../arm-none-eabi/lib/thumb/v7-m\libc.a(lib_a-__call_atexit.o)
 *(.init_array)
 .init_array    0x00085b68        0x4 c:/verktyg/atmel/studio/7.0/toolchain/arm/arm-gnu-toolchain/bin/../lib/gcc/arm-none-eabi/6.3.1/thumb/v7-m/crtbegin.o
                0x00085b6c                __init_array_end = .
                0x00085b6c                . = ALIGN (0x4)
 *crtbegin.o(.ctors)
 *(EXCLUDE_FILE(*crtend.o) .ctors)
 *(SORT(.ctors.*))
 *crtend.o(.ctors)
                0x00085b6c                . = ALIGN (0x4)
 *(.fini)
 .fini          0x00085b6c        0x4 c:/verktyg/atmel/studio/7.0/toolchain/arm/arm-gnu-toolchain/bin/../lib/gcc/arm-none-eabi/6.3.1/thumb/v7-m/crti.o
                0x00085b6c                _fini
 .fini          0x00085b70        0x8 c:/verktyg/atmel/studio/7.0/toolchain/arm/arm-gnu-toolchain/bin/../lib/gcc/arm-none-eabi/6.3.1/thumb/v7-m/crtn.o
                0x00085b78                . = ALIGN (0x4)
                0x00085b78                __fini_array_start = .
 *(.fini_array)
 .fini_array    0x00085b78        0x4 c:/verktyg/atmel/studio/7.0/toolchain/arm/arm-gnu-toolchain/bin/../lib/gcc/arm-none-eabi/6.3.1/thumb/v7-m/crtbegin.o
 *(SORT(.fini_array.*))
                0x00085b7c                __fini_array_end = .
 *crtbegin.o(.dtors)
 *(EXCLUDE_FILE(*crtend.o) .dtors)
 *(SORT(.dtors.*))
 *crtend.o(.dtors)
                0x00085b7c                . = ALIGN (0x4)
                0x00085b7c                _efixed = .
                [!provide]                PROVIDE (__exidx_start, .)

.vfp11_veneer   0x00085b7c        0x0
 .vfp11_veneer  0x00085b7c        0x0 linker stubs

.v4_bx          0x00085b7c        0x0
 .v4_bx         0x00085b7c        0x0 linker stubs

.iplt           0x00085b7c        0x0
 .iplt          0x00085b7c        0x0 c:/verktyg/atmel/studio/7.0/toolchain/arm/arm-gnu-toolchain/bin/../lib/gcc/arm-none-eabi/6.3.1/thumb/v7-m/crtbegin.o

.ARM.exidx      0x00085b7c        0x8
 *(.ARM.exidx* .gnu.linkonce.armexidx.*)
 .ARM.exidx     0x00085b7c        0x8 c:/verktyg/atmel/studio/7.0/toolchain/arm/arm-gnu-toolchain/bin/../lib/gcc/arm-none-eabi/6.3.1/thumb/v7-m\libgcc.a(_udivmoddi4.o)
                [!provide]                PROVIDE (__exidx_end, .)

.eh_frame       0x00085b84        0x0
 .eh_frame      0x00085b84        0x0 c:/verktyg/atmel/studio/7.0/toolchain/arm/arm-gnu-toolchain/bin/../lib/gcc/arm-none-eabi/6.3.1/thumb/v7-m/crtbegin.o

.rel.dyn        0x00085b84        0x0
 .rel.iplt      0x00085b84        0x0 c:/verktyg/atmel/studio/7.0/toolchain/arm/arm-gnu-toolchain/bin/../lib/gcc/arm-none-eabi/6.3.1/thumb/v7-m/crtbegin.o

.jcr            0x00085b84        0x0
 .jcr           0x00085b84        0x0 c:/verktyg/atmel/studio/7.0/toolchain/arm/arm-gnu-toolchain/bin/../lib/gcc/arm-none-eabi/6.3.1/thumb/v7-m/crtbegin.o

.igot.plt       0x00085b84        0x0
 .igot.plt      0x00085b84        0x0 c:/verktyg/atmel/studio/7.0/toolchain/arm/arm-gnu-toolchain/bin/../lib/gcc/arm-none-eabi/6.3.1/thumb/v7-m/crtbegin.o
                0x00085b84                . = ALIGN (0x4)
                0x00085b84                _etext = .

.relocate       0x20070000      0xaf0 load address 0x00085b84
                0x20070000                . = ALIGN (0x4)
                0x20070000                _srelocate = .
 *(.ramfunc .ramfunc.*)
 .ramfunc       0x20070000      0x12c src/ASF/sam/utils/cmsis/sam3x/source/templates/system_sam3x.o
                0x20070000                SystemInit
                0x200700a4                system_init_flash
 *(.data .data.*)
 .data.uxCriticalNesting
                0x2007012c        0x4 src/ASF/thirdparty/freertos/freertos-7.3.0/source/portable/gcc/sam/port.o
 .data.xFreeBytesRemaining
                0x20070130        0x4 src/ASF/thirdparty/freertos/freertos-7.3.0/source/portable/memmang/heap_4.o
 .data.xNextTaskUnblockTime
                0x20070134        0x4 src/ASF/thirdparty/freertos/freertos-7.3.0/source/tasks.o
 .data.g_interrupt_enabled
                0x20070138        0x1 src/ASF/common/utils/interrupt/interrupt_sam_nvic.o
                0x20070138                g_interrupt_enabled
 *fill*         0x20070139        0x3 
 .data.SystemCoreClock
                0x2007013c        0x4 src/ASF/sam/utils/cmsis/sam3x/source/templates/system_sam3x.o
                0x2007013c                SystemCoreClock
 .data._impure_ptr
                0x20070140        0x4 c:/verktyg/atmel/studio/7.0/toolchain/arm/arm-gnu-toolchain/bin/../lib/gcc/arm-none-eabi/6.3.1/../../../../arm-none-eabi/lib/thumb/v7-m\libc.a(lib_a-impure.o)
                0x20070140                _impure_ptr
 *fill*         0x20070144        0x4 
 .data.impure_data
                0x20070148      0x428 c:/verktyg/atmel/studio/7.0/toolchain/arm/arm-gnu-toolchain/bin/../lib/gcc/arm-none-eabi/6.3.1/../../../../arm-none-eabi/lib/thumb/v7-m\libc.a(lib_a-impure.o)
 .data.__atexit_recursive_mutex
                0x20070570        0x4 c:/verktyg/atmel/studio/7.0/toolchain/arm/arm-gnu-toolchain/bin/../lib/gcc/arm-none-eabi/6.3.1/../../../../arm-none-eabi/lib/thumb/v7-m\libc.a(lib_a-__call_atexit.o)
                0x20070570                __atexit_recursive_mutex
 .data.__global_locale
                0x20070574      0x16c c:/verktyg/atmel/studio/7.0/toolchain/arm/arm-gnu-toolchain/bin/../lib/gcc/arm-none-eabi/6.3.1/../../../../arm-none-eabi/lib/thumb/v7-m\libc.a(lib_a-locale.o)
                0x20070574                __global_locale
 .data.__malloc_av_
                0x200706e0      0x408 c:/verktyg/atmel/studio/7.0/toolchain/arm/arm-gnu-toolchain/bin/../lib/gcc/arm-none-eabi/6.3.1/../../../../arm-none-eabi/lib/thumb/v7-m\libc.a(lib_a-mallocr.o)
                0x200706e0                __malloc_av_
 .data.__malloc_sbrk_base
                0x20070ae8        0x4 c:/verktyg/atmel/studio/7.0/toolchain/arm/arm-gnu-toolchain/bin/../lib/gcc/arm-none-eabi/6.3.1/../../../../arm-none-eabi/lib/thumb/v7-m\libc.a(lib_a-mallocr.o)
                0x20070ae8                __malloc_sbrk_base
 .data.__malloc_trim_threshold
                0x20070aec        0x4 c:/verktyg/atmel/studio/7.0/toolchain/arm/arm-gnu-toolchain/bin/../lib/gcc/arm-none-eabi/6.3.1/../../../../arm-none-eabi/lib/thumb/v7-m\libc.a(lib_a-mallocr.o)
                0x20070aec                __malloc_trim_threshold
                0x20070af0                . = ALIGN (0x4)
                0x20070af0                _erelocate = .

.bss            0x20070af0     0xa2fc load address 0x00086678
                0x20070af0                . = ALIGN (0x4)
                0x20070af0                _sbss = .
                0x20070af0                _szero = .
 *(.bss .bss.*)
 .bss           0x20070af0       0x1c c:/verktyg/atmel/studio/7.0/toolchain/arm/arm-gnu-toolchain/bin/../lib/gcc/arm-none-eabi/6.3.1/thumb/v7-m/crtbegin.o
 .bss.serial_rx_buf
                0x20070b0c       0x9c src/ASF/thirdparty/wireless/addons/sio2host/uart/sio2host.o
 .bss.serial_rx_buf_tail
                0x20070ba8        0x1 src/ASF/thirdparty/wireless/addons/sio2host/uart/sio2host.o
 *fill*         0x20070ba9        0x3 
 .bss.k         0x20070bac        0x4 src/TimerCounter/TimerCounter.o
 .bss.pxEnd     0x20070bb0        0x4 src/ASF/thirdparty/freertos/freertos-7.3.0/source/portable/memmang/heap_4.o
 *fill*         0x20070bb4        0x4 
 .bss.xHeap     0x20070bb8     0xa000 src/ASF/thirdparty/freertos/freertos-7.3.0/source/portable/memmang/heap_4.o
 .bss.xStart    0x2007abb8        0x8 src/ASF/thirdparty/freertos/freertos-7.3.0/source/portable/memmang/heap_4.o
 .bss.pxCurrentTCB
                0x2007abc0        0x4 src/ASF/thirdparty/freertos/freertos-7.3.0/source/tasks.o
                0x2007abc0                pxCurrentTCB
 .bss.pxDelayedTaskList
                0x2007abc4        0x4 src/ASF/thirdparty/freertos/freertos-7.3.0/source/tasks.o
 .bss.pxOverflowDelayedTaskList
                0x2007abc8        0x4 src/ASF/thirdparty/freertos/freertos-7.3.0/source/tasks.o
 .bss.pxReadyTasksLists
                0x2007abcc       0x64 src/ASF/thirdparty/freertos/freertos-7.3.0/source/tasks.o
 .bss.uxCurrentNumberOfTasks
                0x2007ac30        0x4 src/ASF/thirdparty/freertos/freertos-7.3.0/source/tasks.o
 .bss.uxMissedTicks
                0x2007ac34        0x4 src/ASF/thirdparty/freertos/freertos-7.3.0/source/tasks.o
 .bss.uxSchedulerSuspended
                0x2007ac38        0x4 src/ASF/thirdparty/freertos/freertos-7.3.0/source/tasks.o
 .bss.uxTaskNumber
                0x2007ac3c        0x4 src/ASF/thirdparty/freertos/freertos-7.3.0/source/tasks.o
 .bss.uxTasksDeleted
                0x2007ac40        0x4 src/ASF/thirdparty/freertos/freertos-7.3.0/source/tasks.o
 .bss.uxTopReadyPriority
                0x2007ac44        0x4 src/ASF/thirdparty/freertos/freertos-7.3.0/source/tasks.o
 .bss.uxTopUsedPriority
                0x2007ac48        0x4 src/ASF/thirdparty/freertos/freertos-7.3.0/source/tasks.o
 .bss.xDelayedTaskList1
                0x2007ac4c       0x14 src/ASF/thirdparty/freertos/freertos-7.3.0/source/tasks.o
 .bss.xDelayedTaskList2
                0x2007ac60       0x14 src/ASF/thirdparty/freertos/freertos-7.3.0/source/tasks.o
 .bss.xMissedYield
                0x2007ac74        0x4 src/ASF/thirdparty/freertos/freertos-7.3.0/source/tasks.o
 .bss.xNumOfOverflows
                0x2007ac78        0x4 src/ASF/thirdparty/freertos/freertos-7.3.0/source/tasks.o
 .bss.xPendingReadyList
                0x2007ac7c       0x14 src/ASF/thirdparty/freertos/freertos-7.3.0/source/tasks.o
 .bss.xSchedulerRunning
                0x2007ac90        0x4 src/ASF/thirdparty/freertos/freertos-7.3.0/source/tasks.o
 .bss.xSuspendedTaskList
                0x2007ac94       0x14 src/ASF/thirdparty/freertos/freertos-7.3.0/source/tasks.o
 .bss.xTasksWaitingTermination
                0x2007aca8       0x14 src/ASF/thirdparty/freertos/freertos-7.3.0/source/tasks.o
 .bss.xTickCount
                0x2007acbc        0x4 src/ASF/thirdparty/freertos/freertos-7.3.0/source/tasks.o
 .bss.pxCurrentTimerList
                0x2007acc0        0x4 src/ASF/thirdparty/freertos/freertos-7.3.0/source/timers.o
 .bss.pxOverflowTimerList
                0x2007acc4        0x4 src/ASF/thirdparty/freertos/freertos-7.3.0/source/timers.o
 .bss.xActiveTimerList1
                0x2007acc8       0x14 src/ASF/thirdparty/freertos/freertos-7.3.0/source/timers.o
 .bss.xActiveTimerList2
                0x2007acdc       0x14 src/ASF/thirdparty/freertos/freertos-7.3.0/source/timers.o
 .bss.xLastTime.4541
                0x2007acf0        0x4 src/ASF/thirdparty/freertos/freertos-7.3.0/source/timers.o
 .bss.xTimerQueue
                0x2007acf4        0x4 src/ASF/thirdparty/freertos/freertos-7.3.0/source/timers.o
 .bss.gs_interrupt_sources
                0x2007acf8       0x70 src/ASF/sam/drivers/pio/pio_handler.o
 .bss.heap.5297
                0x2007ad68        0x4 src/ASF/sam/utils/syscalls/gcc/syscalls.o
 .bss.__malloc_current_mallinfo
                0x2007ad6c       0x28 c:/verktyg/atmel/studio/7.0/toolchain/arm/arm-gnu-toolchain/bin/../lib/gcc/arm-none-eabi/6.3.1/../../../../arm-none-eabi/lib/thumb/v7-m\libc.a(lib_a-mallocr.o)
                0x2007ad6c                __malloc_current_mallinfo
 .bss.__malloc_max_sbrked_mem
                0x2007ad94        0x4 c:/verktyg/atmel/studio/7.0/toolchain/arm/arm-gnu-toolchain/bin/../lib/gcc/arm-none-eabi/6.3.1/../../../../arm-none-eabi/lib/thumb/v7-m\libc.a(lib_a-mallocr.o)
                0x2007ad94                __malloc_max_sbrked_mem
 .bss.__malloc_max_total_mem
                0x2007ad98        0x4 c:/verktyg/atmel/studio/7.0/toolchain/arm/arm-gnu-toolchain/bin/../lib/gcc/arm-none-eabi/6.3.1/../../../../arm-none-eabi/lib/thumb/v7-m\libc.a(lib_a-mallocr.o)
                0x2007ad98                __malloc_max_total_mem
 .bss.__malloc_top_pad
                0x2007ad9c        0x4 c:/verktyg/atmel/studio/7.0/toolchain/arm/arm-gnu-toolchain/bin/../lib/gcc/arm-none-eabi/6.3.1/../../../../arm-none-eabi/lib/thumb/v7-m\libc.a(lib_a-mallocr.o)
                0x2007ad9c                __malloc_top_pad
 *(COMMON)
 COMMON         0x2007ada0        0x4 src/ASF/common/utils/stdio/read.o
                0x2007ada0                ptr_get
 COMMON         0x2007ada4       0x18 src/task_control.o
                0x2007ada4                reactionTimePlayer2
                0x2007ada8                xSemaphorePlayer2
                0x2007adac                xSemaphorePlayer1
                0x2007adb0                xTimeStampTicks
                0x2007adb4                timeStart
                0x2007adb8                reactionTimePlayer1
 COMMON         0x2007adbc        0x8 src/ASF/common/utils/stdio/write.o
                0x2007adbc                ptr_put
                0x2007adc0                stdio_base
 COMMON         0x2007adc4       0x21 c:/verktyg/atmel/studio/7.0/toolchain/arm/arm-gnu-toolchain/bin/../lib/gcc/arm-none-eabi/6.3.1/../../../../arm-none-eabi/lib/thumb/v7-m\libc.a(lib_a-lock.o)
                0x2007adc4                __lock___atexit_recursive_mutex
                0x2007adc8                __lock___arc4random_mutex
                0x2007adcc                __lock___env_recursive_mutex
                0x2007add0                __lock___sinit_recursive_mutex
                0x2007add4                __lock___malloc_recursive_mutex
                0x2007add8                __lock___at_quick_exit_mutex
                0x2007addc                __lock___dd_hash_mutex
                0x2007ade0                __lock___tz_mutex
                0x2007ade4                __lock___sfp_recursive_mutex
 *fill*         0x2007ade5        0x3 
 COMMON         0x2007ade8        0x4 c:/verktyg/atmel/studio/7.0/toolchain/arm/arm-gnu-toolchain/bin/../lib/gcc/arm-none-eabi/6.3.1/../../../../arm-none-eabi/lib/thumb/v7-m\libc.a(lib_a-reent.o)
                0x2007ade8                errno
                0x2007adec                . = ALIGN (0x4)
                0x2007adec                _ebss = .
                0x2007adec                _ezero = .

.stack          0x2007adec     0x2004 load address 0x00090974
                0x2007adf0                . = ALIGN (0x8)
 *fill*         0x2007adec        0x4 
                0x2007adf0                _sstack = .
                0x2007cdf0                . = (. + __stack_size__)
 *fill*         0x2007adf0     0x2000 
                0x2007cdf0                . = ALIGN (0x8)
                0x2007cdf0                _estack = .
                0x2007cdf0                . = ALIGN (0x4)
                0x2007cdf0                _end = .
OUTPUT(FreeRTOS.elf elf32-littlearm)

.ARM.attributes
                0x00000000       0x29
 .ARM.attributes
                0x00000000       0x1d c:/verktyg/atmel/studio/7.0/toolchain/arm/arm-gnu-toolchain/bin/../lib/gcc/arm-none-eabi/6.3.1/thumb/v7-m/crti.o
 .ARM.attributes
                0x0000001d       0x2d c:/verktyg/atmel/studio/7.0/toolchain/arm/arm-gnu-toolchain/bin/../lib/gcc/arm-none-eabi/6.3.1/thumb/v7-m/crtbegin.o
 .ARM.attributes
                0x0000004a       0x33 src/ASF/common/utils/stdio/read.o
 .ARM.attributes
                0x0000007d       0x33 src/ASF/sam/drivers/tc/tc.o
 .ARM.attributes
                0x000000b0       0x33 src/ASF/thirdparty/wireless/addons/sio2host/uart/sio2host.o
 .ARM.attributes
                0x000000e3       0x33 src/TimerCounter/TimerCounter.o
 .ARM.attributes
                0x00000116       0x33 src/ASF/sam/drivers/trng/trng.o
 .ARM.attributes
                0x00000149       0x33 src/ASF/sam/drivers/usart/usart.o
 .ARM.attributes
                0x0000017c       0x33 src/consoleFunctions.o
 .ARM.attributes
                0x000001af       0x33 src/delayFunctions.o
 .ARM.attributes
                0x000001e2       0x33 src/task_control.o
 .ARM.attributes
                0x00000215       0x33 src/task_player1.o
 .ARM.attributes
                0x00000248       0x33 src/task_player2.o
 .ARM.attributes
                0x0000027b       0x33 src/ASF/thirdparty/freertos/freertos-7.3.0/source/list.o
 .ARM.attributes
                0x000002ae       0x33 src/ASF/thirdparty/freertos/freertos-7.3.0/source/portable/gcc/sam/port.o
 .ARM.attributes
                0x000002e1       0x33 src/ASF/thirdparty/freertos/freertos-7.3.0/source/portable/memmang/heap_4.o
 .ARM.attributes
                0x00000314       0x33 src/ASF/thirdparty/freertos/freertos-7.3.0/source/queue.o
 .ARM.attributes
                0x00000347       0x33 src/ASF/thirdparty/freertos/freertos-7.3.0/source/tasks.o
 .ARM.attributes
                0x0000037a       0x33 src/ASF/thirdparty/freertos/freertos-7.3.0/source/timers.o
 .ARM.attributes
                0x000003ad       0x33 src/ASF/common/utils/stdio/write.o
 .ARM.attributes
                0x000003e0       0x33 src/ASF/common/services/serial/usart_serial.o
 .ARM.attributes
                0x00000413       0x33 src/ASF/sam/drivers/uart/uart.o
 .ARM.attributes
                0x00000446       0x33 src/ASF/common/services/clock/sam3x/sysclk.o
 .ARM.attributes
                0x00000479       0x33 src/ASF/common/utils/interrupt/interrupt_sam_nvic.o
 .ARM.attributes
                0x000004ac       0x33 src/ASF/sam/boards/arduino_due_x/init.o
 .ARM.attributes
                0x000004df       0x33 src/ASF/sam/drivers/pio/pio.o
 .ARM.attributes
                0x00000512       0x33 src/ASF/sam/drivers/pio/pio_handler.o
 .ARM.attributes
                0x00000545       0x33 src/ASF/sam/drivers/pmc/pmc.o
 .ARM.attributes
                0x00000578       0x33 src/ASF/sam/utils/cmsis/sam3x/source/templates/exceptions.o
 .ARM.attributes
                0x000005ab       0x33 src/ASF/sam/utils/cmsis/sam3x/source/templates/gcc/startup_sam3x.o
 .ARM.attributes
                0x000005de       0x33 src/ASF/sam/utils/cmsis/sam3x/source/templates/system_sam3x.o
 .ARM.attributes
                0x00000611       0x33 src/ASF/sam/utils/syscalls/gcc/syscalls.o
 .ARM.attributes
                0x00000644       0x33 src/main.o
 .ARM.attributes
                0x00000677       0x2d c:/verktyg/atmel/studio/7.0/toolchain/arm/arm-gnu-toolchain/bin/../lib/gcc/arm-none-eabi/6.3.1/../../../../arm-none-eabi/lib/thumb/v7-m\libc.a(lib_a-impure.o)
 .ARM.attributes
                0x000006a4       0x2d c:/verktyg/atmel/studio/7.0/toolchain/arm/arm-gnu-toolchain/bin/../lib/gcc/arm-none-eabi/6.3.1/../../../../arm-none-eabi/lib/thumb/v7-m\libc.a(lib_a-init.o)
 .ARM.attributes
                0x000006d1       0x2d c:/verktyg/atmel/studio/7.0/toolchain/arm/arm-gnu-toolchain/bin/../lib/gcc/arm-none-eabi/6.3.1/../../../../arm-none-eabi/lib/thumb/v7-m\libc.a(lib_a-iprintf.o)
 .ARM.attributes
                0x000006fe       0x1b c:/verktyg/atmel/studio/7.0/toolchain/arm/arm-gnu-toolchain/bin/../lib/gcc/arm-none-eabi/6.3.1/../../../../arm-none-eabi/lib/thumb/v7-m\libc.a(lib_a-memcpy.o)
 .ARM.attributes
                0x00000719       0x2d c:/verktyg/atmel/studio/7.0/toolchain/arm/arm-gnu-toolchain/bin/../lib/gcc/arm-none-eabi/6.3.1/../../../../arm-none-eabi/lib/thumb/v7-m\libc.a(lib_a-memset.o)
 .ARM.attributes
                0x00000746       0x2d c:/verktyg/atmel/studio/7.0/toolchain/arm/arm-gnu-toolchain/bin/../lib/gcc/arm-none-eabi/6.3.1/../../../../arm-none-eabi/lib/thumb/v7-m\libc.a(lib_a-setbuf.o)
 .ARM.attributes
                0x00000773       0x2d c:/verktyg/atmel/studio/7.0/toolchain/arm/arm-gnu-toolchain/bin/../lib/gcc/arm-none-eabi/6.3.1/../../../../arm-none-eabi/lib/thumb/v7-m\libc.a(lib_a-setvbuf.o)
 .ARM.attributes
                0x000007a0       0x2d c:/verktyg/atmel/studio/7.0/toolchain/arm/arm-gnu-toolchain/bin/../lib/gcc/arm-none-eabi/6.3.1/../../../../arm-none-eabi/lib/thumb/v7-m\libc.a(lib_a-strlen-stub.o)
 .ARM.attributes
                0x000007cd       0x2d c:/verktyg/atmel/studio/7.0/toolchain/arm/arm-gnu-toolchain/bin/../lib/gcc/arm-none-eabi/6.3.1/../../../../arm-none-eabi/lib/thumb/v7-m\libc.a(lib_a-strncpy.o)
 .ARM.attributes
                0x000007fa       0x2d c:/verktyg/atmel/studio/7.0/toolchain/arm/arm-gnu-toolchain/bin/../lib/gcc/arm-none-eabi/6.3.1/../../../../arm-none-eabi/lib/thumb/v7-m\libc.a(lib_a-vfiprintf.o)
 .ARM.attributes
                0x00000827       0x2d c:/verktyg/atmel/studio/7.0/toolchain/arm/arm-gnu-toolchain/bin/../lib/gcc/arm-none-eabi/6.3.1/../../../../arm-none-eabi/lib/thumb/v7-m\libc.a(lib_a-wsetup.o)
 .ARM.attributes
                0x00000854       0x2d c:/verktyg/atmel/studio/7.0/toolchain/arm/arm-gnu-toolchain/bin/../lib/gcc/arm-none-eabi/6.3.1/../../../../arm-none-eabi/lib/thumb/v7-m\libc.a(lib_a-__call_atexit.o)
 .ARM.attributes
                0x00000881       0x2d c:/verktyg/atmel/studio/7.0/toolchain/arm/arm-gnu-toolchain/bin/../lib/gcc/arm-none-eabi/6.3.1/../../../../arm-none-eabi/lib/thumb/v7-m\libc.a(lib_a-atexit.o)
 .ARM.attributes
                0x000008ae       0x2d c:/verktyg/atmel/studio/7.0/toolchain/arm/arm-gnu-toolchain/bin/../lib/gcc/arm-none-eabi/6.3.1/../../../../arm-none-eabi/lib/thumb/v7-m\libc.a(lib_a-fflush.o)
 .ARM.attributes
                0x000008db       0x2d c:/verktyg/atmel/studio/7.0/toolchain/arm/arm-gnu-toolchain/bin/../lib/gcc/arm-none-eabi/6.3.1/../../../../arm-none-eabi/lib/thumb/v7-m\libc.a(lib_a-findfp.o)
 .ARM.attributes
                0x00000908       0x2d c:/verktyg/atmel/studio/7.0/toolchain/arm/arm-gnu-toolchain/bin/../lib/gcc/arm-none-eabi/6.3.1/../../../../arm-none-eabi/lib/thumb/v7-m\libc.a(lib_a-fini.o)
 .ARM.attributes
                0x00000935       0x2d c:/verktyg/atmel/studio/7.0/toolchain/arm/arm-gnu-toolchain/bin/../lib/gcc/arm-none-eabi/6.3.1/../../../../arm-none-eabi/lib/thumb/v7-m\libc.a(lib_a-fputwc.o)
 .ARM.attributes
                0x00000962       0x2d c:/verktyg/atmel/studio/7.0/toolchain/arm/arm-gnu-toolchain/bin/../lib/gcc/arm-none-eabi/6.3.1/../../../../arm-none-eabi/lib/thumb/v7-m\libc.a(lib_a-freer.o)
 .ARM.attributes
                0x0000098f       0x2d c:/verktyg/atmel/studio/7.0/toolchain/arm/arm-gnu-toolchain/bin/../lib/gcc/arm-none-eabi/6.3.1/../../../../arm-none-eabi/lib/thumb/v7-m\libc.a(lib_a-fvwrite.o)
 .ARM.attributes
                0x000009bc       0x2d c:/verktyg/atmel/studio/7.0/toolchain/arm/arm-gnu-toolchain/bin/../lib/gcc/arm-none-eabi/6.3.1/../../../../arm-none-eabi/lib/thumb/v7-m\libc.a(lib_a-fwalk.o)
 .ARM.attributes
                0x000009e9       0x2d c:/verktyg/atmel/studio/7.0/toolchain/arm/arm-gnu-toolchain/bin/../lib/gcc/arm-none-eabi/6.3.1/../../../../arm-none-eabi/lib/thumb/v7-m\libc.a(lib_a-locale.o)
 .ARM.attributes
                0x00000a16       0x2d c:/verktyg/atmel/studio/7.0/toolchain/arm/arm-gnu-toolchain/bin/../lib/gcc/arm-none-eabi/6.3.1/../../../../arm-none-eabi/lib/thumb/v7-m\libc.a(lib_a-lock.o)
 .ARM.attributes
                0x00000a43       0x2d c:/verktyg/atmel/studio/7.0/toolchain/arm/arm-gnu-toolchain/bin/../lib/gcc/arm-none-eabi/6.3.1/../../../../arm-none-eabi/lib/thumb/v7-m\libc.a(lib_a-makebuf.o)
 .ARM.attributes
                0x00000a70       0x2d c:/verktyg/atmel/studio/7.0/toolchain/arm/arm-gnu-toolchain/bin/../lib/gcc/arm-none-eabi/6.3.1/../../../../arm-none-eabi/lib/thumb/v7-m\libc.a(lib_a-malloc.o)
 .ARM.attributes
                0x00000a9d       0x2d c:/verktyg/atmel/studio/7.0/toolchain/arm/arm-gnu-toolchain/bin/../lib/gcc/arm-none-eabi/6.3.1/../../../../arm-none-eabi/lib/thumb/v7-m\libc.a(lib_a-mallocr.o)
 .ARM.attributes
                0x00000aca       0x2d c:/verktyg/atmel/studio/7.0/toolchain/arm/arm-gnu-toolchain/bin/../lib/gcc/arm-none-eabi/6.3.1/../../../../arm-none-eabi/lib/thumb/v7-m\libc.a(lib_a-mbtowc_r.o)
 .ARM.attributes
                0x00000af7       0x2d c:/verktyg/atmel/studio/7.0/toolchain/arm/arm-gnu-toolchain/bin/../lib/gcc/arm-none-eabi/6.3.1/../../../../arm-none-eabi/lib/thumb/v7-m\libc.a(lib_a-memchr-stub.o)
 .ARM.attributes
                0x00000b24       0x2d c:/verktyg/atmel/studio/7.0/toolchain/arm/arm-gnu-toolchain/bin/../lib/gcc/arm-none-eabi/6.3.1/../../../../arm-none-eabi/lib/thumb/v7-m\libc.a(lib_a-memmove.o)
 .ARM.attributes
                0x00000b51       0x2d c:/verktyg/atmel/studio/7.0/toolchain/arm/arm-gnu-toolchain/bin/../lib/gcc/arm-none-eabi/6.3.1/../../../../arm-none-eabi/lib/thumb/v7-m\libc.a(lib_a-mlock.o)
 .ARM.attributes
                0x00000b7e       0x2d c:/verktyg/atmel/studio/7.0/toolchain/arm/arm-gnu-toolchain/bin/../lib/gcc/arm-none-eabi/6.3.1/../../../../arm-none-eabi/lib/thumb/v7-m\libc.a(lib_a-reallocr.o)
 .ARM.attributes
                0x00000bab       0x2d c:/verktyg/atmel/studio/7.0/toolchain/arm/arm-gnu-toolchain/bin/../lib/gcc/arm-none-eabi/6.3.1/../../../../arm-none-eabi/lib/thumb/v7-m\libc.a(lib_a-sbrkr.o)
 .ARM.attributes
                0x00000bd8       0x2d c:/verktyg/atmel/studio/7.0/toolchain/arm/arm-gnu-toolchain/bin/../lib/gcc/arm-none-eabi/6.3.1/../../../../arm-none-eabi/lib/thumb/v7-m\libc.a(lib_a-stdio.o)
 .ARM.attributes
                0x00000c05       0x2d c:/verktyg/atmel/studio/7.0/toolchain/arm/arm-gnu-toolchain/bin/../lib/gcc/arm-none-eabi/6.3.1/../../../../arm-none-eabi/lib/thumb/v7-m\libc.a(lib_a-wbuf.o)
 .ARM.attributes
                0x00000c32       0x2d c:/verktyg/atmel/studio/7.0/toolchain/arm/arm-gnu-toolchain/bin/../lib/gcc/arm-none-eabi/6.3.1/../../../../arm-none-eabi/lib/thumb/v7-m\libc.a(lib_a-wcrtomb.o)
 .ARM.attributes
                0x00000c5f       0x2d c:/verktyg/atmel/studio/7.0/toolchain/arm/arm-gnu-toolchain/bin/../lib/gcc/arm-none-eabi/6.3.1/../../../../arm-none-eabi/lib/thumb/v7-m\libc.a(lib_a-wctomb_r.o)
 .ARM.attributes
                0x00000c8c       0x2d c:/verktyg/atmel/studio/7.0/toolchain/arm/arm-gnu-toolchain/bin/../lib/gcc/arm-none-eabi/6.3.1/../../../../arm-none-eabi/lib/thumb/v7-m\libc.a(lib_a-writer.o)
 .ARM.attributes
                0x00000cb9       0x2d c:/verktyg/atmel/studio/7.0/toolchain/arm/arm-gnu-toolchain/bin/../lib/gcc/arm-none-eabi/6.3.1/../../../../arm-none-eabi/lib/thumb/v7-m\libc.a(lib_a-__atexit.o)
 .ARM.attributes
                0x00000ce6       0x2d c:/verktyg/atmel/studio/7.0/toolchain/arm/arm-gnu-toolchain/bin/../lib/gcc/arm-none-eabi/6.3.1/../../../../arm-none-eabi/lib/thumb/v7-m\libc.a(lib_a-closer.o)
 .ARM.attributes
                0x00000d13       0x2d c:/verktyg/atmel/studio/7.0/toolchain/arm/arm-gnu-toolchain/bin/../lib/gcc/arm-none-eabi/6.3.1/../../../../arm-none-eabi/lib/thumb/v7-m\libc.a(lib_a-ctype_.o)
 .ARM.attributes
                0x00000d40       0x2d c:/verktyg/atmel/studio/7.0/toolchain/arm/arm-gnu-toolchain/bin/../lib/gcc/arm-none-eabi/6.3.1/../../../../arm-none-eabi/lib/thumb/v7-m\libc.a(lib_a-fclose.o)
 .ARM.attributes
                0x00000d6d       0x2d c:/verktyg/atmel/studio/7.0/toolchain/arm/arm-gnu-toolchain/bin/../lib/gcc/arm-none-eabi/6.3.1/../../../../arm-none-eabi/lib/thumb/v7-m\libc.a(lib_a-fstatr.o)
 .ARM.attributes
                0x00000d9a       0x2d c:/verktyg/atmel/studio/7.0/toolchain/arm/arm-gnu-toolchain/bin/../lib/gcc/arm-none-eabi/6.3.1/../../../../arm-none-eabi/lib/thumb/v7-m\libc.a(lib_a-isattyr.o)
 .ARM.attributes
                0x00000dc7       0x2d c:/verktyg/atmel/studio/7.0/toolchain/arm/arm-gnu-toolchain/bin/../lib/gcc/arm-none-eabi/6.3.1/../../../../arm-none-eabi/lib/thumb/v7-m\libc.a(lib_a-lseekr.o)
 .ARM.attributes
                0x00000df4       0x2d c:/verktyg/atmel/studio/7.0/toolchain/arm/arm-gnu-toolchain/bin/../lib/gcc/arm-none-eabi/6.3.1/../../../../arm-none-eabi/lib/thumb/v7-m\libc.a(lib_a-readr.o)
 .ARM.attributes
                0x00000e21       0x2d c:/verktyg/atmel/studio/7.0/toolchain/arm/arm-gnu-toolchain/bin/../lib/gcc/arm-none-eabi/6.3.1/../../../../arm-none-eabi/lib/thumb/v7-m\libc.a(lib_a-reent.o)
 .ARM.attributes
                0x00000e4e       0x1d c:/verktyg/atmel/studio/7.0/toolchain/arm/arm-gnu-toolchain/bin/../lib/gcc/arm-none-eabi/6.3.1/thumb/v7-m\libgcc.a(_aeabi_uldivmod.o)
 .ARM.attributes
                0x00000e6b       0x2d c:/verktyg/atmel/studio/7.0/toolchain/arm/arm-gnu-toolchain/bin/../lib/gcc/arm-none-eabi/6.3.1/thumb/v7-m\libgcc.a(_udivmoddi4.o)
 .ARM.attributes
                0x00000e98       0x1d c:/verktyg/atmel/studio/7.0/toolchain/arm/arm-gnu-toolchain/bin/../lib/gcc/arm-none-eabi/6.3.1/thumb/v7-m\libgcc.a(_dvmd_tls.o)
 .ARM.attributes
                0x00000eb5       0x1d c:/verktyg/atmel/studio/7.0/toolchain/arm/arm-gnu-toolchain/bin/../lib/gcc/arm-none-eabi/6.3.1/thumb/v7-m/crtn.o

.comment        0x00000000       0x59
 .comment       0x00000000       0x59 src/ASF/common/utils/stdio/read.o
                                 0x5a (size before relaxing)
 .comment       0x00000059       0x5a src/ASF/sam/drivers/tc/tc.o
 .comment       0x00000059       0x5a src/ASF/thirdparty/wireless/addons/sio2host/uart/sio2host.o
 .comment       0x00000059       0x5a src/TimerCounter/TimerCounter.o
 .comment       0x00000059       0x5a src/ASF/sam/drivers/trng/trng.o
 .comment       0x00000059       0x5a src/ASF/sam/drivers/usart/usart.o
 .comment       0x00000059       0x5a src/consoleFunctions.o
 .comment       0x00000059       0x5a src/delayFunctions.o
 .comment       0x00000059       0x5a src/task_control.o
 .comment       0x00000059       0x5a src/task_player1.o
 .comment       0x00000059       0x5a src/task_player2.o
 .comment       0x00000059       0x5a src/ASF/thirdparty/freertos/freertos-7.3.0/source/list.o
 .comment       0x00000059       0x5a src/ASF/thirdparty/freertos/freertos-7.3.0/source/portable/gcc/sam/port.o
 .comment       0x00000059       0x5a src/ASF/thirdparty/freertos/freertos-7.3.0/source/portable/memmang/heap_4.o
 .comment       0x00000059       0x5a src/ASF/thirdparty/freertos/freertos-7.3.0/source/queue.o
 .comment       0x00000059       0x5a src/ASF/thirdparty/freertos/freertos-7.3.0/source/tasks.o
 .comment       0x00000059       0x5a src/ASF/thirdparty/freertos/freertos-7.3.0/source/timers.o
 .comment       0x00000059       0x5a src/ASF/common/utils/stdio/write.o
 .comment       0x00000059       0x5a src/ASF/common/services/serial/usart_serial.o
 .comment       0x00000059       0x5a src/ASF/sam/drivers/uart/uart.o
 .comment       0x00000059       0x5a src/ASF/common/services/clock/sam3x/sysclk.o
 .comment       0x00000059       0x5a src/ASF/common/utils/interrupt/interrupt_sam_nvic.o
 .comment       0x00000059       0x5a src/ASF/sam/boards/arduino_due_x/init.o
 .comment       0x00000059       0x5a src/ASF/sam/drivers/pio/pio.o
 .comment       0x00000059       0x5a src/ASF/sam/drivers/pio/pio_handler.o
 .comment       0x00000059       0x5a src/ASF/sam/drivers/pmc/pmc.o
 .comment       0x00000059       0x5a src/ASF/sam/utils/cmsis/sam3x/source/templates/exceptions.o
 .comment       0x00000059       0x5a src/ASF/sam/utils/cmsis/sam3x/source/templates/gcc/startup_sam3x.o
 .comment       0x00000059       0x5a src/ASF/sam/utils/cmsis/sam3x/source/templates/system_sam3x.o
 .comment       0x00000059       0x5a src/ASF/sam/utils/syscalls/gcc/syscalls.o
 .comment       0x00000059       0x5a src/main.o

.debug_info     0x00000000    0x23a98
 .debug_info    0x00000000      0xac9 src/ASF/common/utils/stdio/read.o
 .debug_info    0x00000ac9     0x1260 src/ASF/sam/drivers/tc/tc.o
 .debug_info    0x00001d29     0x19a3 src/ASF/thirdparty/wireless/addons/sio2host/uart/sio2host.o
 .debug_info    0x000036cc     0x171e src/TimerCounter/TimerCounter.o
 .debug_info    0x00004dea      0xc21 src/ASF/sam/drivers/trng/trng.o
 .debug_info    0x00005a0b     0x24e6 src/ASF/sam/drivers/usart/usart.o
 .debug_info    0x00007ef1     0x13a7 src/consoleFunctions.o
 .debug_info    0x00009298      0xdc5 src/delayFunctions.o
 .debug_info    0x0000a05d     0x12ba src/task_control.o
 .debug_info    0x0000b317     0x1165 src/task_player1.o
 .debug_info    0x0000c47c     0x1165 src/task_player2.o
 .debug_info    0x0000d5e1      0xbbd src/ASF/thirdparty/freertos/freertos-7.3.0/source/list.o
 .debug_info    0x0000e19e      0xcbd src/ASF/thirdparty/freertos/freertos-7.3.0/source/portable/gcc/sam/port.o
 .debug_info    0x0000ee5b      0xcb1 src/ASF/thirdparty/freertos/freertos-7.3.0/source/portable/memmang/heap_4.o
 .debug_info    0x0000fb0c     0x1b63 src/ASF/thirdparty/freertos/freertos-7.3.0/source/queue.o
 .debug_info    0x0001166f     0x243f src/ASF/thirdparty/freertos/freertos-7.3.0/source/tasks.o
 .debug_info    0x00013aae      0xcb5 src/ASF/thirdparty/freertos/freertos-7.3.0/source/timers.o
 .debug_info    0x00014763      0xac6 src/ASF/common/utils/stdio/write.o
 .debug_info    0x00015229     0x113c src/ASF/common/services/serial/usart_serial.o
 .debug_info    0x00016365     0x119e src/ASF/sam/drivers/uart/uart.o
 .debug_info    0x00017503     0x11ad src/ASF/common/services/clock/sam3x/sysclk.o
 .debug_info    0x000186b0      0xb01 src/ASF/common/utils/interrupt/interrupt_sam_nvic.o
 .debug_info    0x000191b1     0x108a src/ASF/sam/boards/arduino_due_x/init.o
 .debug_info    0x0001a23b     0x1c61 src/ASF/sam/drivers/pio/pio.o
 .debug_info    0x0001be9c     0x17be src/ASF/sam/drivers/pio/pio_handler.o
 .debug_info    0x0001d65a     0x19df src/ASF/sam/drivers/pmc/pmc.o
 .debug_info    0x0001f039      0xa39 src/ASF/sam/utils/cmsis/sam3x/source/templates/exceptions.o
 .debug_info    0x0001fa72      0xd1b src/ASF/sam/utils/cmsis/sam3x/source/templates/gcc/startup_sam3x.o
 .debug_info    0x0002078d      0xdc2 src/ASF/sam/utils/cmsis/sam3x/source/templates/system_sam3x.o
 .debug_info    0x0002154f      0xdb0 src/ASF/sam/utils/syscalls/gcc/syscalls.o
 .debug_info    0x000222ff     0x1799 src/main.o

.debug_abbrev   0x00000000     0x55e1
 .debug_abbrev  0x00000000      0x1fe src/ASF/common/utils/stdio/read.o
 .debug_abbrev  0x000001fe      0x293 src/ASF/sam/drivers/tc/tc.o
 .debug_abbrev  0x00000491      0x3ea src/ASF/thirdparty/wireless/addons/sio2host/uart/sio2host.o
 .debug_abbrev  0x0000087b      0x346 src/TimerCounter/TimerCounter.o
 .debug_abbrev  0x00000bc1      0x1f8 src/ASF/sam/drivers/trng/trng.o
 .debug_abbrev  0x00000db9      0x406 src/ASF/sam/drivers/usart/usart.o
 .debug_abbrev  0x000011bf      0x337 src/consoleFunctions.o
 .debug_abbrev  0x000014f6      0x219 src/delayFunctions.o
 .debug_abbrev  0x0000170f      0x309 src/task_control.o
 .debug_abbrev  0x00001a18      0x316 src/task_player1.o
 .debug_abbrev  0x00001d2e      0x316 src/task_player2.o
 .debug_abbrev  0x00002044      0x221 src/ASF/thirdparty/freertos/freertos-7.3.0/source/list.o
 .debug_abbrev  0x00002265      0x340 src/ASF/thirdparty/freertos/freertos-7.3.0/source/portable/gcc/sam/port.o
 .debug_abbrev  0x000025a5      0x32d src/ASF/thirdparty/freertos/freertos-7.3.0/source/portable/memmang/heap_4.o
 .debug_abbrev  0x000028d2      0x359 src/ASF/thirdparty/freertos/freertos-7.3.0/source/queue.o
 .debug_abbrev  0x00002c2b      0x3a8 src/ASF/thirdparty/freertos/freertos-7.3.0/source/tasks.o
 .debug_abbrev  0x00002fd3      0x28a src/ASF/thirdparty/freertos/freertos-7.3.0/source/timers.o
 .debug_abbrev  0x0000325d      0x1e9 src/ASF/common/utils/stdio/write.o
 .debug_abbrev  0x00003446      0x2b1 src/ASF/common/services/serial/usart_serial.o
 .debug_abbrev  0x000036f7      0x288 src/ASF/sam/drivers/uart/uart.o
 .debug_abbrev  0x0000397f      0x330 src/ASF/common/services/clock/sam3x/sysclk.o
 .debug_abbrev  0x00003caf      0x212 src/ASF/common/utils/interrupt/interrupt_sam_nvic.o
 .debug_abbrev  0x00003ec1      0x262 src/ASF/sam/boards/arduino_due_x/init.o
 .debug_abbrev  0x00004123      0x3c7 src/ASF/sam/drivers/pio/pio.o
 .debug_abbrev  0x000044ea      0x329 src/ASF/sam/drivers/pio/pio_handler.o
 .debug_abbrev  0x00004813      0x306 src/ASF/sam/drivers/pmc/pmc.o
 .debug_abbrev  0x00004b19      0x1a4 src/ASF/sam/utils/cmsis/sam3x/source/templates/exceptions.o
 .debug_abbrev  0x00004cbd      0x1f2 src/ASF/sam/utils/cmsis/sam3x/source/templates/gcc/startup_sam3x.o
 .debug_abbrev  0x00004eaf      0x1f4 src/ASF/sam/utils/cmsis/sam3x/source/templates/system_sam3x.o
 .debug_abbrev  0x000050a3      0x264 src/ASF/sam/utils/syscalls/gcc/syscalls.o
 .debug_abbrev  0x00005307      0x2da src/main.o

.debug_loc      0x00000000     0x801d
 .debug_loc     0x00000000       0xb3 src/ASF/common/utils/stdio/read.o
 .debug_loc     0x000000b3      0x5a4 src/ASF/sam/drivers/tc/tc.o
 .debug_loc     0x00000657      0x5b0 src/ASF/thirdparty/wireless/addons/sio2host/uart/sio2host.o
 .debug_loc     0x00000c07       0xe2 src/TimerCounter/TimerCounter.o
 .debug_loc     0x00000ce9       0x63 src/ASF/sam/drivers/trng/trng.o
 .debug_loc     0x00000d4c     0x1062 src/ASF/sam/drivers/usart/usart.o
 .debug_loc     0x00001dae      0x34a src/consoleFunctions.o
 .debug_loc     0x000020f8       0x6c src/delayFunctions.o
 .debug_loc     0x00002164       0xae src/task_control.o
 .debug_loc     0x00002212       0xf1 src/task_player1.o
 .debug_loc     0x00002303       0xf3 src/task_player2.o
 .debug_loc     0x000023f6       0xa8 src/ASF/thirdparty/freertos/freertos-7.3.0/source/list.o
 .debug_loc     0x0000249e      0x100 src/ASF/thirdparty/freertos/freertos-7.3.0/source/portable/gcc/sam/port.o
 .debug_loc     0x0000259e      0x3ff src/ASF/thirdparty/freertos/freertos-7.3.0/source/portable/memmang/heap_4.o
 .debug_loc     0x0000299d     0x1183 src/ASF/thirdparty/freertos/freertos-7.3.0/source/queue.o
 .debug_loc     0x00003b20     0x14ba src/ASF/thirdparty/freertos/freertos-7.3.0/source/tasks.o
 .debug_loc     0x00004fda      0x9f1 src/ASF/thirdparty/freertos/freertos-7.3.0/source/timers.o
 .debug_loc     0x000059cb      0x12b src/ASF/common/utils/stdio/write.o
 .debug_loc     0x00005af6      0x2a7 src/ASF/common/services/serial/usart_serial.o
 .debug_loc     0x00005d9d      0x241 src/ASF/sam/drivers/uart/uart.o
 .debug_loc     0x00005fde      0x183 src/ASF/common/services/clock/sam3x/sysclk.o
 .debug_loc     0x00006161       0x70 src/ASF/sam/boards/arduino_due_x/init.o
 .debug_loc     0x000061d1      0xacc src/ASF/sam/drivers/pio/pio.o
 .debug_loc     0x00006c9d      0x569 src/ASF/sam/drivers/pio/pio_handler.o
 .debug_loc     0x00007206      0xaeb src/ASF/sam/drivers/pmc/pmc.o
 .debug_loc     0x00007cf1       0x6b src/ASF/sam/utils/cmsis/sam3x/source/templates/gcc/startup_sam3x.o
 .debug_loc     0x00007d5c       0xfd src/ASF/sam/utils/syscalls/gcc/syscalls.o
 .debug_loc     0x00007e59      0x1c4 src/main.o

.debug_aranges  0x00000000      0xed0
 .debug_aranges
                0x00000000       0x20 src/ASF/common/utils/stdio/read.o
 .debug_aranges
                0x00000020       0xd0 src/ASF/sam/drivers/tc/tc.o
 .debug_aranges
                0x000000f0       0x60 src/ASF/thirdparty/wireless/addons/sio2host/uart/sio2host.o
 .debug_aranges
                0x00000150       0x28 src/TimerCounter/TimerCounter.o
 .debug_aranges
                0x00000178       0x50 src/ASF/sam/drivers/trng/trng.o
 .debug_aranges
                0x000001c8      0x2a8 src/ASF/sam/drivers/usart/usart.o
 .debug_aranges
                0x00000470       0x30 src/consoleFunctions.o
 .debug_aranges
                0x000004a0       0x28 src/delayFunctions.o
 .debug_aranges
                0x000004c8       0x20 src/task_control.o
 .debug_aranges
                0x000004e8       0x20 src/task_player1.o
 .debug_aranges
                0x00000508       0x20 src/task_player2.o
 .debug_aranges
                0x00000528       0x40 src/ASF/thirdparty/freertos/freertos-7.3.0/source/list.o
 .debug_aranges
                0x00000568       0x80 src/ASF/thirdparty/freertos/freertos-7.3.0/source/portable/gcc/sam/port.o
 .debug_aranges
                0x000005e8       0x40 src/ASF/thirdparty/freertos/freertos-7.3.0/source/portable/memmang/heap_4.o
 .debug_aranges
                0x00000628       0xd0 src/ASF/thirdparty/freertos/freertos-7.3.0/source/queue.o
 .debug_aranges
                0x000006f8      0x130 src/ASF/thirdparty/freertos/freertos-7.3.0/source/tasks.o
 .debug_aranges
                0x00000828       0x60 src/ASF/thirdparty/freertos/freertos-7.3.0/source/timers.o
 .debug_aranges
                0x00000888       0x20 src/ASF/common/utils/stdio/write.o
 .debug_aranges
                0x000008a8       0x28 src/ASF/common/services/serial/usart_serial.o
 .debug_aranges
                0x000008d0       0xe8 src/ASF/sam/drivers/uart/uart.o
 .debug_aranges
                0x000009b8       0x40 src/ASF/common/services/clock/sam3x/sysclk.o
 .debug_aranges
                0x000009f8       0x28 src/ASF/common/utils/interrupt/interrupt_sam_nvic.o
 .debug_aranges
                0x00000a20       0x20 src/ASF/sam/boards/arduino_due_x/init.o
 .debug_aranges
                0x00000a40      0x148 src/ASF/sam/drivers/pio/pio.o
 .debug_aranges
                0x00000b88       0x58 src/ASF/sam/drivers/pio/pio_handler.o
 .debug_aranges
                0x00000be0      0x200 src/ASF/sam/drivers/pmc/pmc.o
 .debug_aranges
                0x00000de0       0x20 src/ASF/sam/utils/cmsis/sam3x/source/templates/exceptions.o
 .debug_aranges
                0x00000e00       0x20 src/ASF/sam/utils/cmsis/sam3x/source/templates/gcc/startup_sam3x.o
 .debug_aranges
                0x00000e20       0x30 src/ASF/sam/utils/cmsis/sam3x/source/templates/system_sam3x.o
 .debug_aranges
                0x00000e50       0x60 src/ASF/sam/utils/syscalls/gcc/syscalls.o
 .debug_aranges
                0x00000eb0       0x20 src/main.o

.debug_ranges   0x00000000      0xec0
 .debug_ranges  0x00000000       0x10 src/ASF/common/utils/stdio/read.o
 .debug_ranges  0x00000010       0xc0 src/ASF/sam/drivers/tc/tc.o
 .debug_ranges  0x000000d0       0x50 src/ASF/thirdparty/wireless/addons/sio2host/uart/sio2host.o
 .debug_ranges  0x00000120       0x18 src/TimerCounter/TimerCounter.o
 .debug_ranges  0x00000138       0x40 src/ASF/sam/drivers/trng/trng.o
 .debug_ranges  0x00000178      0x298 src/ASF/sam/drivers/usart/usart.o
 .debug_ranges  0x00000410       0x20 src/consoleFunctions.o
 .debug_ranges  0x00000430       0x18 src/delayFunctions.o
 .debug_ranges  0x00000448       0x28 src/task_control.o
 .debug_ranges  0x00000470       0x28 src/task_player1.o
 .debug_ranges  0x00000498       0x28 src/task_player2.o
 .debug_ranges  0x000004c0       0x30 src/ASF/thirdparty/freertos/freertos-7.3.0/source/list.o
 .debug_ranges  0x000004f0       0x70 src/ASF/thirdparty/freertos/freertos-7.3.0/source/portable/gcc/sam/port.o
 .debug_ranges  0x00000560       0x30 src/ASF/thirdparty/freertos/freertos-7.3.0/source/portable/memmang/heap_4.o
 .debug_ranges  0x00000590       0xd8 src/ASF/thirdparty/freertos/freertos-7.3.0/source/queue.o
 .debug_ranges  0x00000668      0x1d0 src/ASF/thirdparty/freertos/freertos-7.3.0/source/tasks.o
 .debug_ranges  0x00000838       0xc0 src/ASF/thirdparty/freertos/freertos-7.3.0/source/timers.o
 .debug_ranges  0x000008f8       0x10 src/ASF/common/utils/stdio/write.o
 .debug_ranges  0x00000908       0x48 src/ASF/common/services/serial/usart_serial.o
 .debug_ranges  0x00000950       0xd8 src/ASF/sam/drivers/uart/uart.o
 .debug_ranges  0x00000a28       0x30 src/ASF/common/services/clock/sam3x/sysclk.o
 .debug_ranges  0x00000a58       0x18 src/ASF/common/utils/interrupt/interrupt_sam_nvic.o
 .debug_ranges  0x00000a70       0x10 src/ASF/sam/boards/arduino_due_x/init.o
 .debug_ranges  0x00000a80      0x150 src/ASF/sam/drivers/pio/pio.o
 .debug_ranges  0x00000bd0       0x60 src/ASF/sam/drivers/pio/pio_handler.o
 .debug_ranges  0x00000c30      0x1f0 src/ASF/sam/drivers/pmc/pmc.o
 .debug_ranges  0x00000e20       0x10 src/ASF/sam/utils/cmsis/sam3x/source/templates/exceptions.o
 .debug_ranges  0x00000e30       0x10 src/ASF/sam/utils/cmsis/sam3x/source/templates/gcc/startup_sam3x.o
 .debug_ranges  0x00000e40       0x20 src/ASF/sam/utils/cmsis/sam3x/source/templates/system_sam3x.o
 .debug_ranges  0x00000e60       0x50 src/ASF/sam/utils/syscalls/gcc/syscalls.o
 .debug_ranges  0x00000eb0       0x10 src/main.o

.debug_macro    0x00000000    0x1e65d
 .debug_macro   0x00000000      0x550 src/ASF/common/utils/stdio/read.o
 .debug_macro   0x00000550      0x8d4 src/ASF/common/utils/stdio/read.o
 .debug_macro   0x00000e24      0x16d src/ASF/common/utils/stdio/read.o
 .debug_macro   0x00000f91      0x64b src/ASF/common/utils/stdio/read.o
 .debug_macro   0x000015dc       0x76 src/ASF/common/utils/stdio/read.o
 .debug_macro   0x00001652       0x16 src/ASF/common/utils/stdio/read.o
 .debug_macro   0x00001668      0x6e4 src/ASF/common/utils/stdio/read.o
 .debug_macro   0x00001d4c       0x22 src/ASF/common/utils/stdio/read.o
 .debug_macro   0x00001d6e       0x87 src/ASF/common/utils/stdio/read.o
 .debug_macro   0x00001df5       0x51 src/ASF/common/utils/stdio/read.o
 .debug_macro   0x00001e46       0xef src/ASF/common/utils/stdio/read.o
 .debug_macro   0x00001f35       0x6a src/ASF/common/utils/stdio/read.o
 .debug_macro   0x00001f9f      0x1df src/ASF/common/utils/stdio/read.o
 .debug_macro   0x0000217e       0x20 src/ASF/common/utils/stdio/read.o
 .debug_macro   0x0000219e       0x3a src/ASF/common/utils/stdio/read.o
 .debug_macro   0x000021d8       0x2d src/ASF/common/utils/stdio/read.o
 .debug_macro   0x00002205      0xbb1 src/ASF/common/utils/stdio/read.o
 .debug_macro   0x00002db6      0xab6 src/ASF/common/utils/stdio/read.o
 .debug_macro   0x0000386c      0x569 src/ASF/common/utils/stdio/read.o
 .debug_macro   0x00003dd5      0x2b5 src/ASF/common/utils/stdio/read.o
 .debug_macro   0x0000408a      0x31a src/ASF/common/utils/stdio/read.o
 .debug_macro   0x000043a4      0x74f src/ASF/common/utils/stdio/read.o
 .debug_macro   0x00004af3       0x82 src/ASF/common/utils/stdio/read.o
 .debug_macro   0x00004b75      0x57b src/ASF/common/utils/stdio/read.o
 .debug_macro   0x000050f0       0x1c src/ASF/common/utils/stdio/read.o
 .debug_macro   0x0000510c      0x6b7 src/ASF/common/utils/stdio/read.o
 .debug_macro   0x000057c3      0x52d src/ASF/common/utils/stdio/read.o
 .debug_macro   0x00005cf0       0xbe src/ASF/common/utils/stdio/read.o
 .debug_macro   0x00005dae     0x2342 src/ASF/common/utils/stdio/read.o
 .debug_macro   0x000080f0      0x85d src/ASF/common/utils/stdio/read.o
 .debug_macro   0x0000894d      0xdc9 src/ASF/common/utils/stdio/read.o
 .debug_macro   0x00009716       0x7c src/ASF/common/utils/stdio/read.o
 .debug_macro   0x00009792      0x263 src/ASF/common/utils/stdio/read.o
 .debug_macro   0x000099f5       0x58 src/ASF/common/utils/stdio/read.o
 .debug_macro   0x00009a4d      0x9a7 src/ASF/common/utils/stdio/read.o
 .debug_macro   0x0000a3f4      0x248 src/ASF/common/utils/stdio/read.o
 .debug_macro   0x0000a63c      0x4df src/ASF/common/utils/stdio/read.o
 .debug_macro   0x0000ab1b      0x6b3 src/ASF/common/utils/stdio/read.o
 .debug_macro   0x0000b1ce      0x59f src/ASF/common/utils/stdio/read.o
 .debug_macro   0x0000b76d       0x46 src/ASF/common/utils/stdio/read.o
 .debug_macro   0x0000b7b3      0x34d src/ASF/common/utils/stdio/read.o
 .debug_macro   0x0000bb00      0x28c src/ASF/common/utils/stdio/read.o
 .debug_macro   0x0000bd8c     0x14d7 src/ASF/common/utils/stdio/read.o
 .debug_macro   0x0000d263      0x7ba src/ASF/common/utils/stdio/read.o
 .debug_macro   0x0000da1d       0x76 src/ASF/common/utils/stdio/read.o
 .debug_macro   0x0000da93       0x82 src/ASF/common/utils/stdio/read.o
 .debug_macro   0x0000db15       0x76 src/ASF/common/utils/stdio/read.o
 .debug_macro   0x0000db8b       0x4c src/ASF/common/utils/stdio/read.o
 .debug_macro   0x0000dbd7      0x105 src/ASF/common/utils/stdio/read.o
 .debug_macro   0x0000dcdc      0x105 src/ASF/common/utils/stdio/read.o
 .debug_macro   0x0000dde1      0x105 src/ASF/common/utils/stdio/read.o
 .debug_macro   0x0000dee6       0x88 src/ASF/common/utils/stdio/read.o
 .debug_macro   0x0000df6e       0x88 src/ASF/common/utils/stdio/read.o
 .debug_macro   0x0000dff6      0x3b4 src/ASF/common/utils/stdio/read.o
 .debug_macro   0x0000e3aa       0xb8 src/ASF/common/utils/stdio/read.o
 .debug_macro   0x0000e462       0xb8 src/ASF/common/utils/stdio/read.o
 .debug_macro   0x0000e51a       0xb8 src/ASF/common/utils/stdio/read.o
 .debug_macro   0x0000e5d2       0xb8 src/ASF/common/utils/stdio/read.o
 .debug_macro   0x0000e68a      0x2b8 src/ASF/common/utils/stdio/read.o
 .debug_macro   0x0000e942      0x125 src/ASF/common/utils/stdio/read.o